Archive member included to satisfy reference by file (symbol)

c:/users/ragav/.silabs/slt/installs/conan/p/gcc-ab83b3403fdca6/p/bin/../lib/gcc/arm-none-eabi/12.2.1/thumb/v7e-m+fp/softfp\libgcc.a(_arm_muldf3.o)
                              CMakeFiles/slc.dir/base/1cb82e032d5dad6f64804d703ae80abc/components/device/silabs/si91x/mcu/drivers/unified_api/src/sl_si91x_bjt_temperature_sensor.c.obj (__aeabi_dmul)
c:/users/ragav/.silabs/slt/installs/conan/p/gcc-ab83b3403fdca6/p/bin/../lib/gcc/arm-none-eabi/12.2.1/thumb/v7e-m+fp/softfp\libgcc.a(_arm_addsubdf3.o)
                              CMakeFiles/slc.dir/base/f592a87dc9833d14b75c105bcef8e6e3/p/components/device/silabs/si91x/mcu/drivers/peripheral_drivers/src/clock_update.c.obj (__aeabi_dadd)
c:/users/ragav/.silabs/slt/installs/conan/p/gcc-ab83b3403fdca6/p/bin/../lib/gcc/arm-none-eabi/12.2.1/thumb/v7e-m+fp/softfp\libgcc.a(_arm_muldivdf3.o)
                              CMakeFiles/slc.dir/base/f592a87dc9833d14b75c105bcef8e6e3/p/components/device/silabs/si91x/mcu/drivers/peripheral_drivers/src/clock_update.c.obj (__aeabi_ddiv)
c:/users/ragav/.silabs/slt/installs/conan/p/gcc-ab83b3403fdca6/p/bin/../lib/gcc/arm-none-eabi/12.2.1/thumb/v7e-m+fp/softfp\libgcc.a(_arm_cmpdf2.o)
                              CMakeFiles/slc.dir/base/1ed7857642800241ad78556a3f4d709e/p/wisec552428a457111/p/components/device/silabs/si91x/mcu/drivers/systemlevel/src/rsi_ipmu.c.obj (__aeabi_dcmple)
c:/users/ragav/.silabs/slt/installs/conan/p/gcc-ab83b3403fdca6/p/bin/../lib/gcc/arm-none-eabi/12.2.1/thumb/v7e-m+fp/softfp\libgcc.a(_arm_fixunsdfsi.o)
                              CMakeFiles/slc.dir/base/f592a87dc9833d14b75c105bcef8e6e3/p/components/device/silabs/si91x/mcu/drivers/peripheral_drivers/src/clock_update.c.obj (__aeabi_d2uiz)
c:/users/ragav/.silabs/slt/installs/conan/p/gcc-ab83b3403fdca6/p/bin/../lib/gcc/arm-none-eabi/12.2.1/thumb/v7e-m+fp/softfp\libgcc.a(_aeabi_ldivmod.o)
                              CMakeFiles/slc.dir/base/f592a87dc9833d14b75c105bcef8e6e3/p/components/device/silabs/si91x/wireless/ahb_interface/src/sl_si91x_bus.c.obj (__aeabi_ldivmod)
c:/users/ragav/.silabs/slt/installs/conan/p/gcc-ab83b3403fdca6/p/bin/../lib/gcc/arm-none-eabi/12.2.1/thumb/v7e-m+fp/softfp\libgcc.a(_aeabi_uldivmod.o)
                              CMakeFiles/slc.dir/base/f592a87dc9833d14b75c105bcef8e6e3/p/components/device/silabs/si91x/wireless/ahb_interface/src/sl_si91x_bus.c.obj (__aeabi_uldivmod)
c:/users/ragav/.silabs/slt/installs/conan/p/gcc-ab83b3403fdca6/p/bin/../lib/gcc/arm-none-eabi/12.2.1/thumb/v7e-m+fp/softfp\libgcc.a(_udivmoddi4.o)
                              c:/users/ragav/.silabs/slt/installs/conan/p/gcc-ab83b3403fdca6/p/bin/../lib/gcc/arm-none-eabi/12.2.1/thumb/v7e-m+fp/softfp\libgcc.a(_aeabi_ldivmod.o) (__udivmoddi4)
c:/users/ragav/.silabs/slt/installs/conan/p/gcc-ab83b3403fdca6/p/bin/../lib/gcc/arm-none-eabi/12.2.1/thumb/v7e-m+fp/softfp\libgcc.a(_dvmd_tls.o)
                              c:/users/ragav/.silabs/slt/installs/conan/p/gcc-ab83b3403fdca6/p/bin/../lib/gcc/arm-none-eabi/12.2.1/thumb/v7e-m+fp/softfp\libgcc.a(_aeabi_ldivmod.o) (__aeabi_ldiv0)
c:/users/ragav/.silabs/slt/installs/conan/p/gcc-ab83b3403fdca6/p/bin/../lib/gcc/arm-none-eabi/12.2.1/thumb/v7e-m+fp/softfp\libc_nano.a(libc_a-assert.o)
                              CMakeFiles/slc.dir/base/C_/Users/ragav/.silabs/slt/installs/conan/p/wisec552428a457111/p/components/sli_wifi/src/sli_wifi_utility.c.obj (__assert_func)
c:/users/ragav/.silabs/slt/installs/conan/p/gcc-ab83b3403fdca6/p/bin/../lib/gcc/arm-none-eabi/12.2.1/thumb/v7e-m+fp/softfp\libc_nano.a(libc_a-calloc.o)
                              CMakeFiles/slc.dir/base/f592a87dc9833d14b75c105bcef8e6e3/p/components/device/silabs/si91x/wireless/socket/src/sl_si91x_socket_utility.c.obj (calloc)
c:/users/ragav/.silabs/slt/installs/conan/p/gcc-ab83b3403fdca6/p/bin/../lib/gcc/arm-none-eabi/12.2.1/thumb/v7e-m+fp/softfp\libc_nano.a(libc_a-callocr.o)
                              c:/users/ragav/.silabs/slt/installs/conan/p/gcc-ab83b3403fdca6/p/bin/../lib/gcc/arm-none-eabi/12.2.1/thumb/v7e-m+fp/softfp\libc_nano.a(libc_a-calloc.o) (_calloc_r)
c:/users/ragav/.silabs/slt/installs/conan/p/gcc-ab83b3403fdca6/p/bin/../lib/gcc/arm-none-eabi/12.2.1/thumb/v7e-m+fp/softfp\libc_nano.a(libc_a-exit.o)
                              c:/users/ragav/.silabs/slt/installs/conan/p/gcc-ab83b3403fdca6/p/bin/../lib/gcc/arm-none-eabi/12.2.1/thumb/v7e-m+fp/softfp/crt0.o (exit)
c:/users/ragav/.silabs/slt/installs/conan/p/gcc-ab83b3403fdca6/p/bin/../lib/gcc/arm-none-eabi/12.2.1/thumb/v7e-m+fp/softfp\libc_nano.a(libc_a-malloc.o)
                              CMakeFiles/slc.dir/base/f592a87dc9833d14b75c105bcef8e6e3/p/components/device/silabs/si91x/wireless/firmware_upgrade/firmware_upgradation.c.obj (malloc)
c:/users/ragav/.silabs/slt/installs/conan/p/gcc-ab83b3403fdca6/p/bin/../lib/gcc/arm-none-eabi/12.2.1/thumb/v7e-m+fp/softfp\libc_nano.a(libc_a-mallocr.o)
[...]
Memory Configuration

Name             Origin             Length             Attributes
rom              0x08202000         0x001fe000         xr
ram              0x0000000c         0x0002fbf4         xrw
udma0            0x0002fc00         0x00000400         xrw
udma1            0x24061c00         0x00000400         xrw
*default*        0x00000000         0xffffffff

Linker script and memory map

LOAD c:/users/ragav/.silabs/slt/installs/conan/p/gcc-ab83b3403fdca6/p/bin/../lib/gcc/arm-none-eabi/12.2.1/thumb/v7e-m+fp/softfp/crti.o
LOAD c:/users/ragav/.silabs/slt/installs/conan/p/gcc-ab83b3403fdca6/p/bin/../lib/gcc/arm-none-eabi/12.2.1/thumb/v7e-m+fp/softfp/crtbegin.o
LOAD c:/users/ragav/.silabs/slt/installs/conan/p/gcc-ab83b3403fdca6/p/bin/../lib/gcc/arm-none-eabi/12.2.1/thumb/v7e-m+fp/softfp/crt0.o
LOAD CMakeFiles/slc.dir/base/C_/Users/ragav/.silabs/slt/installs/conan/p/wisec552428a457111/p/components/board/silabs/src/rsi_board.c.obj
LOAD CMakeFiles/slc.dir/base/C_/Users/ragav/.silabs/slt/installs/conan/p/wisec552428a457111/p/components/common/src/malloc_thread_safety.c.obj
LOAD CMakeFiles/slc.dir/base/C_/Users/ragav/.silabs/slt/installs/conan/p/wisec552428a457111/p/components/common/src/sl_utility.c.obj
LOAD CMakeFiles/slc.dir/base/f592a87dc9833d14b75c105bcef8e6e3/p/components/device/silabs/si91x/mcu/core/chip/src/iPMU_prog/iPMU_dotc/ipmu_apis.c.obj
LOAD CMakeFiles/slc.dir/base/1cb82e032d5dad6f64804d703ae80abc/components/device/silabs/si91x/mcu/core/chip/src/iPMU_prog/iPMU_dotc/rsi_system_config_917.c.obj
LOAD CMakeFiles/slc.dir/base/1ed7857642800241ad78556a3f4d709e/p/wisec552428a457111/p/components/device/silabs/si91x/mcu/core/chip/src/rsi_deepsleep_soc.c.obj
LOAD CMakeFiles/slc.dir/base/1ed7857642800241ad78556a3f4d709e/p/wisec552428a457111/p/components/device/silabs/si91x/mcu/core/chip/src/rsi_ps_ram_func.c.obj
LOAD CMakeFiles/slc.dir/base/1ed7857642800241ad78556a3f4d709e/p/wisec552428a457111/p/components/device/silabs/si91x/mcu/core/chip/src/startup_si91x.c.obj
LOAD CMakeFiles/slc.dir/base/1fcfd36ae6c6fcb4cbde4143c1479570/conan/p/wisec552428a457111/p/components/device/silabs/si91x/mcu/core/chip/src/system_si91x.c.obj
LOAD CMakeFiles/slc.dir/base/1fcfd36ae6c6fcb4cbde4143c1479570/conan/p/wisec552428a457111/p/components/device/silabs/si91x/mcu/core/common/src/rsi_debug.c.obj
LOAD CMakeFiles/slc.dir/base/f592a87dc9833d14b75c105bcef8e6e3/p/components/device/silabs/si91x/mcu/core/common/src/sl_si91x_stack_object_declare.c.obj
LOAD CMakeFiles/slc.dir/base/1fcfd36ae6c6fcb4cbde4143c1479570/conan/p/wisec552428a457111/p/components/device/silabs/si91x/mcu/core/common/src/syscalls.c.obj
LOAD CMakeFiles/slc.dir/base/f592a87dc9833d14b75c105bcef8e6e3/p/components/device/silabs/si91x/mcu/core/config/src/rsi_nvic_priorities_config.c.obj
LOAD CMakeFiles/slc.dir/base/1fcfd36ae6c6fcb4cbde4143c1479570/conan/p/wisec552428a457111/p/components/device/silabs/si91x/mcu/drivers/cmsis_driver/UDMA.c.obj
LOAD CMakeFiles/slc.dir/base/1fcfd36ae6c6fcb4cbde4143c1479570/conan/p/wisec552428a457111/p/components/device/silabs/si91x/mcu/drivers/cmsis_driver/USART.c.obj
LOAD CMakeFiles/slc.dir/base/df52ed7795318f40e559a5b0b40ae2c2/device/silabs/si91x/mcu/drivers/peripheral_drivers/src/aux_reference_volt_config.c.obj
LOAD CMakeFiles/slc.dir/base/f592a87dc9833d14b75c105bcef8e6e3/p/components/device/silabs/si91x/mcu/drivers/peripheral_drivers/src/clock_update.c.obj
LOAD CMakeFiles/slc.dir/base/f592a87dc9833d14b75c105bcef8e6e3/p/components/device/silabs/si91x/mcu/drivers/peripheral_drivers/src/rsi_adc.c.obj
LOAD CMakeFiles/slc.dir/base/f592a87dc9833d14b75c105bcef8e6e3/p/components/device/silabs/si91x/mcu/drivers/peripheral_drivers/src/rsi_crc.c.obj
LOAD CMakeFiles/slc.dir/base/f592a87dc9833d14b75c105bcef8e6e3/p/components/device/silabs/si91x/mcu/drivers/peripheral_drivers/src/rsi_dac.c.obj
LOAD CMakeFiles/slc.dir/base/f592a87dc9833d14b75c105bcef8e6e3/p/components/device/silabs/si91x/mcu/drivers/peripheral_drivers/src/rsi_egpio.c.obj
LOAD CMakeFiles/slc.dir/base/f592a87dc9833d14b75c105bcef8e6e3/p/components/device/silabs/si91x/mcu/drivers/peripheral_drivers/src/rsi_opamp.c.obj
LOAD CMakeFiles/slc.dir/base/f592a87dc9833d14b75c105bcef8e6e3/p/components/device/silabs/si91x/mcu/drivers/peripheral_drivers/src/rsi_udma.c.obj
LOAD CMakeFiles/slc.dir/base/f592a87dc9833d14b75c105bcef8e6e3/p/components/device/silabs/si91x/mcu/drivers/peripheral_drivers/src/rsi_udma_wrapper.c.obj
LOAD CMakeFiles/slc.dir/base/f592a87dc9833d14b75c105bcef8e6e3/p/components/device/silabs/si91x/mcu/drivers/peripheral_drivers/src/rsi_usart.c.obj
LOAD CMakeFiles/slc.dir/base/df52ed7795318f40e559a5b0b40ae2c2/device/silabs/si91x/mcu/drivers/service/clock_manager/src/sl_si91x_clock_manager.c.obj
LOAD CMakeFiles/slc.dir/base/1ed7857642800241ad78556a3f4d709e/p/wisec552428a457111/p/components/device/silabs/si91x/mcu/drivers/systemlevel/src/rsi_bod.c.obj
LOAD CMakeFiles/slc.dir/base/1ed7857642800241ad78556a3f4d709e/p/wisec552428a457111/p/components/device/silabs/si91x/mcu/drivers/systemlevel/src/rsi_ipmu.c.obj
LOAD CMakeFiles/slc.dir/base/1ed7857642800241ad78556a3f4d709e/p/wisec552428a457111/p/components/device/silabs/si91x/mcu/drivers/systemlevel/src/rsi_pll.c.obj
LOAD CMakeFiles/slc.dir/base/1ed7857642800241ad78556a3f4d709e/p/wisec552428a457111/p/components/device/silabs/si91x/mcu/drivers/systemlevel/src/rsi_rtc.c.obj
LOAD CMakeFiles/slc.dir/base/f592a87dc9833d14b75c105bcef8e6e3/p/components/device/silabs/si91x/mcu/drivers/systemlevel/src/rsi_temp_sensor.c.obj
LOAD CMakeFiles/slc.dir/base/f592a87dc9833d14b75c105bcef8e6e3/p/components/device/silabs/si91x/mcu/drivers/systemlevel/src/rsi_time_period.c.obj
LOAD CMakeFiles/slc.dir/base/f592a87dc9833d14b75c105bcef8e6e3/p/components/device/silabs/si91x/mcu/drivers/systemlevel/src/rsi_ulpss_clk.c.obj
LOAD CMakeFiles/slc.dir/base/f592a87dc9833d14b75c105bcef8e6e3/p/components/device/silabs/si91x/mcu/drivers/unified_api/src/sl_si91x_adc.c.obj
LOAD CMakeFiles/slc.dir/base/1cb82e032d5dad6f64804d703ae80abc/components/device/silabs/si91x/mcu/drivers/unified_api/src/sl_si91x_bjt_temperature_sensor.c.obj
LOAD CMakeFiles/slc.dir/base/f592a87dc9833d14b75c105bcef8e6e3/p/components/device/silabs/si91x/mcu/drivers/unified_api/src/sl_si91x_dma.c.obj
LOAD CMakeFiles/slc.dir/base/f592a87dc9833d14b75c105bcef8e6e3/p/components/device/silabs/si91x/wireless/ahb_interface/src/rsi_hal_mcu_m4_ram.c.obj
LOAD CMakeFiles/slc.dir/base/f592a87dc9833d14b75c105bcef8e6e3/p/components/device/silabs/si91x/wireless/ahb_interface/src/rsi_hal_mcu_m4_rom.c.obj
LOAD CMakeFiles/slc.dir/base/bbbc032808191f5698b16c32c1e0a06d/wisec552428a457111/p/components/device/silabs/si91x/wireless/ahb_interface/src/sl_platform.c.obj
LOAD CMakeFiles/slc.dir/base/f592a87dc9833d14b75c105bcef8e6e3/p/components/device/silabs/si91x/wireless/ahb_interface/src/sl_platform_wireless.c.obj
LOAD CMakeFiles/slc.dir/base/f592a87dc9833d14b75c105bcef8e6e3/p/components/device/silabs/si91x/wireless/ahb_interface/src/sl_si91x_bus.c.obj
LOAD CMakeFiles/slc.dir/base/f592a87dc9833d14b75c105bcef8e6e3/p/components/device/silabs/si91x/wireless/ahb_interface/src/sl_si91x_timer.c.obj
LOAD CMakeFiles/slc.dir/base/f592a87dc9833d14b75c105bcef8e6e3/p/components/device/silabs/si91x/wireless/ahb_interface/src/sli_siwx917_soc.c.obj
LOAD CMakeFiles/slc.dir/base/1ed7857642800241ad78556a3f4d709e/p/wisec552428a457111/p/components/device/silabs/si91x/wireless/errno/src/sl_si91x_errno.c.obj
LOAD CMakeFiles/slc.dir/base/f592a87dc9833d14b75c105bcef8e6e3/p/components/device/silabs/si91x/wireless/firmware_upgrade/firmware_upgradation.c.obj
LOAD CMakeFiles/slc.dir/base/f592a87dc9833d14b75c105bcef8e6e3/p/components/device/silabs/si91x/wireless/host_mcu/si91x/siwx917_soc_ncp_host.c.obj
LOAD CMakeFiles/slc.dir/base/C_/Users/ragav/.silabs/slt/installs/conan/p/wisec552428a457111/p/components/device/silabs/si91x/wireless/icmp/sl_net_ping.c.obj
LOAD CMakeFiles/slc.dir/base/bbbc032808191f5698b16c32c1e0a06d/wisec552428a457111/p/components/device/silabs/si91x/wireless/memory/mem_pool_buffer_quota.c.obj
LOAD CMakeFiles/slc.dir/base/bbbc032808191f5698b16c32c1e0a06d/wisec552428a457111/p/components/device/silabs/si91x/wireless/sl_net/src/sl_net_rsi_utility.c.obj
LOAD CMakeFiles/slc.dir/base/1ed7857642800241ad78556a3f4d709e/p/wisec552428a457111/p/components/device/silabs/si91x/wireless/sl_net/src/sl_net_si91x.c.obj
LOAD CMakeFiles/slc.dir/base/f592a87dc9833d14b75c105bcef8e6e3/p/components/device/silabs/si91x/wireless/sl_net/src/sl_net_si91x_callback_framework.c.obj
LOAD CMakeFiles/slc.dir/base/f592a87dc9833d14b75c105bcef8e6e3/p/components/device/silabs/si91x/wireless/sl_net/src/sl_net_si91x_integration_handler.c.obj
LOAD CMakeFiles/slc.dir/base/f592a87dc9833d14b75c105bcef8e6e3/p/components/device/silabs/si91x/wireless/sl_net/src/sl_si91x_net_internal_stack.c.obj
LOAD CMakeFiles/slc.dir/base/f592a87dc9833d14b75c105bcef8e6e3/p/components/device/silabs/si91x/wireless/sl_net/src/sli_net_si91x_utility.c.obj
LOAD CMakeFiles/slc.dir/base/f592a87dc9833d14b75c105bcef8e6e3/p/components/device/silabs/si91x/wireless/socket/src/sl_si91x_socket_utility.c.obj
LOAD CMakeFiles/slc.dir/base/C_/Users/ragav/.silabs/slt/installs/conan/p/wisec552428a457111/p/components/device/silabs/si91x/wireless/src/sl_rsi_utility.c.obj
LOAD CMakeFiles/slc.dir/base/1fcfd36ae6c6fcb4cbde4143c1479570/conan/p/wisec552428a457111/p/components/device/silabs/si91x/wireless/src/sl_si91x_driver.c.obj
LOAD CMakeFiles/slc.dir/base/1ed7857642800241ad78556a3f4d709e/p/wisec552428a457111/p/components/device/silabs/si91x/wireless/src/sli_wifi_memory_manager.c.obj
LOAD CMakeFiles/slc.dir/base/1ed7857642800241ad78556a3f4d709e/p/wisec552428a457111/p/components/device/silabs/si91x/wireless/src/sli_wifi_power_profile.c.obj
LOAD CMakeFiles/slc.dir/base/C_/Users/ragav/.silabs/slt/installs/conan/p/wisec552428a457111/p/components/protocol/wifi/si91x/sl_wifi.c.obj
LOAD CMakeFiles/slc.dir/base/C_/Users/ragav/.silabs/slt/installs/conan/p/wisec552428a457111/p/components/protocol/wifi/src/sl_wifi_basic_credentials.c.obj
LOAD CMakeFiles/slc.dir/base/C_/Users/ragav/.silabs/slt/installs/conan/p/wisec552428a457111/p/components/protocol/wifi/src/sl_wifi_callback_framework.c.obj
LOAD CMakeFiles/slc.dir/base/C_/Users/ragav/.silabs/slt/installs/conan/p/wisec552428a457111/p/components/protocol/wifi/src/sli_wifi_callback_framework.c.obj
LOAD CMakeFiles/slc.dir/base/C_/Users/ragav/.silabs/slt/installs/conan/p/wisec552428a457111/p/components/service/network_manager/src/sl_net.c.obj
LOAD CMakeFiles/slc.dir/base/bbbc032808191f5698b16c32c1e0a06d/wisec552428a457111/p/components/service/network_manager/src/sl_net_basic_certificate_store.c.obj
LOAD CMakeFiles/slc.dir/base/1fcfd36ae6c6fcb4cbde4143c1479570/conan/p/wisec552428a457111/p/components/service/network_manager/src/sl_net_basic_profiles.c.obj
LOAD CMakeFiles/slc.dir/base/C_/Users/ragav/.silabs/slt/installs/conan/p/wisec552428a457111/p/components/service/network_manager/src/sl_net_credentials.c.obj
LOAD CMakeFiles/slc.dir/base/1fcfd36ae6c6fcb4cbde4143c1479570/conan/p/wisec552428a457111/p/components/service/network_manager/src/sli_net_common_utility.c.obj
LOAD CMakeFiles/slc.dir/base/C_/Users/ragav/.silabs/slt/installs/conan/p/wisec552428a457111/p/components/sli_buffer_manager/src/sli_buffer_manager.c.obj
LOAD CMakeFiles/slc.dir/base/f592a87dc9833d14b75c105bcef8e6e3/p/components/sli_si91x_wifi_event_handler/src/sli_si91x_wifi_event_handler.c.obj
LOAD CMakeFiles/slc.dir/base/C_/Users/ragav/.silabs/slt/installs/conan/p/wisec552428a457111/p/components/sli_wifi/src/sli_wifi.c.obj
LOAD CMakeFiles/slc.dir/base/C_/Users/ragav/.silabs/slt/installs/conan/p/wisec552428a457111/p/components/sli_wifi/src/sli_wifi_utility.c.obj
LOAD CMakeFiles/slc.dir/base/1ed7857642800241ad78556a3f4d709e/p/wisec552428a457111/p/components/sli_wifi_command_engine/src/sli_wifi_command_engine.c.obj
LOAD CMakeFiles/slc.dir/base/C_/Users/ragav/.silabs/slt/installs/conan/p/simpl35774a752829c/p/cmsis/RTOS2/Source/os_systick.c.obj
LOAD CMakeFiles/slc.dir/base/C_/Users/ragav/.silabs/slt/installs/conan/p/simpl35774a752829c/p/cmsis_common/platform/common/src/sl_cmsis_os2_common.c.obj
LOAD CMakeFiles/slc.dir/base/1ed7857642800241ad78556a3f4d709e/p/simpl35774a752829c/p/cmsis_common/platform/common/src/sli_cmsis_os2_ext_task_register.c.obj
LOAD CMakeFiles/slc.dir/base/C_/Users/ragav/.silabs/slt/installs/conan/p/simpl35774a752829c/p/freertos/cmsis/Source/cmsis_os2.c.obj
LOAD CMakeFiles/slc.dir/base/C_/Users/ragav/.silabs/slt/installs/conan/p/simpl35774a752829c/p/freertos/kernel/croutine.c.obj
LOAD CMakeFiles/slc.dir/base/C_/Users/ragav/.silabs/slt/installs/conan/p/simpl35774a752829c/p/freertos/kernel/event_groups.c.obj
LOAD CMakeFiles/slc.dir/base/C_/Users/ragav/.silabs/slt/installs/conan/p/simpl35774a752829c/p/freertos/kernel/list.c.obj
LOAD CMakeFiles/slc.dir/base/C_/Users/ragav/.silabs/slt/installs/conan/p/simpl35774a752829c/p/freertos/kernel/portable/GCC/ARM_CM4F/port.c.obj
LOAD CMakeFiles/slc.dir/base/C_/Users/ragav/.silabs/slt/installs/conan/p/simpl35774a752829c/p/freertos/kernel/portable/MemMang/heap_4.c.obj
LOAD CMakeFiles/slc.dir/base/C_/Users/ragav/.silabs/slt/installs/conan/p/simpl35774a752829c/p/freertos/kernel/queue.c.obj
LOAD CMakeFiles/slc.dir/base/C_/Users/ragav/.silabs/slt/installs/conan/p/simpl35774a752829c/p/freertos/kernel/stream_buffer.c.obj
LOAD CMakeFiles/slc.dir/base/C_/Users/ragav/.silabs/slt/installs/conan/p/simpl35774a752829c/p/freertos/kernel/tasks.c.obj
LOAD CMakeFiles/slc.dir/base/C_/Users/ragav/.silabs/slt/installs/conan/p/simpl35774a752829c/p/freertos/kernel/timers.c.obj
LOAD CMakeFiles/slc.dir/base/C_/Users/ragav/.silabs/slt/installs/conan/p/simpl35774a752829c/p/platform_common/platform/common/src/sl_assert.c.obj
LOAD CMakeFiles/slc.dir/base/C_/Users/ragav/.silabs/slt/installs/conan/p/simpl35774a752829c/p/platform_common/platform/common/src/sl_slist.c.obj
LOAD CMakeFiles/slc.dir/base/C_/Users/ragav/.silabs/slt/installs/conan/p/simpl35774a752829c/p/platform_common/platform/common/src/sl_string.c.obj
LOAD CMakeFiles/slc.dir/base/C_/Users/ragav/.silabs/slt/installs/conan/p/simpl35774a752829c/p/platform_common/platform/common/src/sl_syscalls.c.obj
LOAD CMakeFiles/slc.dir/base/C_/Users/ragav/.silabs/slt/installs/conan/p/simpl35774a752829c/p/platform_core/platform/common/src/sl_core_cortexm.c.obj
LOAD CMakeFiles/slc.dir/base/C_/Users/ragav/.silabs/slt/installs/conan/p/simpl35774a752829c/p/platform_core/platform/service/mem_pool/src/sl_mem_pool.c.obj
LOAD CMakeFiles/slc.dir/base/1fcfd36ae6c6fcb4cbde4143c1479570/conan/p/simpl35774a752829c/p/platform_core/platform/service/sl_main/src/rtos/main_retarget.c.obj
LOAD CMakeFiles/slc.dir/base/C_/Users/ragav/.silabs/slt/installs/conan/p/simpl35774a752829c/p/platform_core/platform/service/sl_main/src/sl_main_init.c.obj
LOAD CMakeFiles/slc.dir/base/1ed7857642800241ad78556a3f4d709e/p/simpl35774a752829c/p/platform_core/platform/service/sl_main/src/sl_main_init_memory.c.obj
LOAD CMakeFiles/slc.dir/base/C_/Users/ragav/.silabs/slt/installs/conan/p/simpl35774a752829c/p/platform_core/platform/service/sl_main/src/sl_main_kernel.c.obj
LOAD CMakeFiles/slc.dir/base/C_/Users/ragav/SimplicityStudio/v6_workspace/wifi_access_point_soc_2/app.c.obj
LOAD CMakeFiles/slc.dir/base/C_/Users/ragav/SimplicityStudio/v6_workspace/wifi_access_point_soc_2/autogen/sl_event_handler.c.obj
LOAD CMakeFiles/slc.dir/base/C_/Users/ragav/SimplicityStudio/v6_workspace/wifi_access_point_soc_2/main.c.obj
START GROUP
LOAD c:/users/ragav/.silabs/slt/installs/conan/p/gcc-ab83b3403fdca6/p/bin/../lib/gcc/arm-none-eabi/12.2.1/thumb/v7e-m+fp/softfp\libgcc.a
LOAD c:/users/ragav/.silabs/slt/installs/conan/p/gcc-ab83b3403fdca6/p/bin/../lib/gcc/arm-none-eabi/12.2.1/thumb/v7e-m+fp/softfp\libc_nano.a
LOAD c:/users/ragav/.silabs/slt/installs/conan/p/gcc-ab83b3403fdca6/p/bin/../lib/gcc/arm-none-eabi/12.2.1/thumb/v7e-m+fp/softfp\libm.a
LOAD c:/users/ragav/.silabs/slt/installs/conan/p/gcc-ab83b3403fdca6/p/bin/../lib/gcc/arm-none-eabi/12.2.1/thumb/v7e-m+fp/softfp\libnosys.a
END GROUP
START GROUP
LOAD c:/users/ragav/.silabs/slt/installs/conan/p/gcc-ab83b3403fdca6/p/bin/../lib/gcc/arm-none-eabi/12.2.1/thumb/v7e-m+fp/softfp\libgcc.a
LOAD c:/users/ragav/.silabs/slt/installs/conan/p/gcc-ab83b3403fdca6/p/bin/../lib/gcc/arm-none-eabi/12.2.1/thumb/v7e-m+fp/softfp\libc_nano.a
END GROUP
START GROUP
LOAD c:/users/ragav/.silabs/slt/installs/conan/p/gcc-ab83b3403fdca6/p/bin/../lib/gcc/arm-none-eabi/12.2.1/thumb/v7e-m+fp/softfp\libgcc.a
LOAD c:/users/ragav/.silabs/slt/installs/conan/p/gcc-ab83b3403fdca6/p/bin/../lib/gcc/arm-none-eabi/12.2.1/thumb/v7e-m+fp/softfp\libc_nano.a
END GROUP
LOAD c:/users/ragav/.silabs/slt/installs/conan/p/gcc-ab83b3403fdca6/p/bin/../lib/gcc/arm-none-eabi/12.2.1/thumb/v7e-m+fp/softfp/crtend.o
LOAD c:/users/ragav/.silabs/slt/installs/conan/p/gcc-ab83b3403fdca6/p/bin/../lib/gcc/arm-none-eabi/12.2.1/thumb/v7e-m+fp/softfp/crtn.o

.text           0x08202000    0x13b40
 *(.isr_vector)
 .isr_vector    0x08202000      0x16c CMakeFiles/slc.dir/base/1ed7857642800241ad78556a3f4d709e/p/wisec552428a457111/p/components/device/silabs/si91x/mcu/core/chip/src/startup_si91x.c.obj
                0x08202000                __Vectors
                0x08202180                . = ALIGN (0x20)
 *fill*         0x0820216c       0x14 
 *(EXCLUDE_FILE(*/tasks.* */UDMA.*) .text*)
 .text.deregister_tm_clones
                0x08202180       0x1c c:/users/ragav/.silabs/slt/installs/conan/p/gcc-ab83b3403fdca6/p/bin/../lib/gcc/arm-none-eabi/12.2.1/thumb/v7e-m+fp/softfp/crtbegin.o
 .text.register_tm_clones
                0x0820219c       0x24 c:/users/ragav/.silabs/slt/installs/conan/p/gcc-ab83b3403fdca6/p/bin/../lib/gcc/arm-none-eabi/12.2.1/thumb/v7e-m+fp/softfp/crtbegin.o
 .text.__do_global_dtors_aux
                0x082021c0       0x28 c:/users/ragav/.silabs/slt/installs/conan/p/gcc-ab83b3403fdca6/p/bin/../lib/gcc/arm-none-eabi/12.2.1/thumb/v7e-m+fp/softfp/crtbegin.o
 .text.frame_dummy
                0x082021e8       0x24 c:/users/ragav/.silabs/slt/installs/conan/p/gcc-ab83b3403fdca6/p/bin/../lib/gcc/arm-none-eabi/12.2.1/thumb/v7e-m+fp/softfp/crtbegin.o
 .text.RSI_Board_Init
                0x0820220c       0x5c CMakeFiles/slc.dir/base/C_/Users/ragav/.silabs/slt/installs/conan/p/wisec552428a457111/p/components/board/silabs/src/rsi_board.c.obj
                0x0820220c                RSI_Board_Init
 .text.__malloc_lock
                0x08202268       0x44 CMakeFiles/slc.dir/base/C_/Users/ragav/.silabs/slt/installs/conan/p/wisec552428a457111/p/components/common/src/malloc_thread_safety.c.obj
                0x08202268                __malloc_lock
 .text.__malloc_unlock
                0x082022ac       0x20 CMakeFiles/slc.dir/base/C_/Users/ragav/.silabs/slt/installs/conan/p/wisec552428a457111/p/components/common/src/malloc_thread_safety.c.obj
                0x082022ac                __malloc_unlock
 .text.print_mac_address
                0x082022cc       0x28 CMakeFiles/slc.dir/base/C_/Users/ragav/.silabs/slt/installs/conan/p/wisec552428a457111/p/components/common/src/sl_utility.c.obj
                0x082022cc                print_mac_address
 .text.sl_redirect_log
                0x082022f4        0x6 CMakeFiles/slc.dir/base/C_/Users/ragav/.silabs/slt/installs/conan/p/wisec552428a457111/p/components/common/src/sl_utility.c.obj
                0x082022f4                sl_redirect_log
 .text.sli_handle_nwp_log_packet
                0x082022fa        0x2 CMakeFiles/slc.dir/base/C_/Users/ragav/.silabs/slt/installs/conan/p/wisec552428a457111/p/components/common/src/sl_utility.c.obj
                0x082022fa                sli_handle_nwp_log_packet
 .text.init_ipmu_calib_data
                0x082022fc       0x54 CMakeFiles/slc.dir/base/f592a87dc9833d14b75c105bcef8e6e3/p/components/device/silabs/si91x/mcu/core/chip/src/iPMU_prog/iPMU_dotc/ipmu_apis.c.obj
                0x082022fc                init_ipmu_calib_data
 .text.program_ipmu_data
                0x08202350       0x54 CMakeFiles/slc.dir/base/f592a87dc9833d14b75c105bcef8e6e3/p/components/device/silabs/si91x/mcu/core/chip/src/iPMU_prog/iPMU_dotc/ipmu_apis.c.obj
                0x08202350                program_ipmu_data
 .text.ipmu_init_mcu
                0x082023a4       0x94 CMakeFiles/slc.dir/base/f592a87dc9833d14b75c105bcef8e6e3/p/components/device/silabs/si91x/mcu/core/chip/src/iPMU_prog/iPMU_dotc/ipmu_apis.c.obj
                0x082023a4                ipmu_init_mcu
 .text.ipmu_init
                0x08202438       0xa8 CMakeFiles/slc.dir/base/f592a87dc9833d14b75c105bcef8e6e3/p/components/device/silabs/si91x/mcu/core/chip/src/iPMU_prog/iPMU_dotc/ipmu_apis.c.obj
                0x08202438                ipmu_init
 .text.configure_ipmu_mode
                0x082024e0       0x38 CMakeFiles/slc.dir/base/f592a87dc9833d14b75c105bcef8e6e3/p/components/device/silabs/si91x/mcu/core/chip/src/iPMU_prog/iPMU_dotc/ipmu_apis.c.obj
                0x082024e0                configure_ipmu_mode
 .text.RSI_PS_RestoreCpuContext
                0x08202518       0x34 CMakeFiles/slc.dir/base/1ed7857642800241ad78556a3f4d709e/p/wisec552428a457111/p/components/device/silabs/si91x/mcu/core/chip/src/rsi_deepsleep_soc.c.obj
                0x08202518                RSI_PS_RestoreCpuContext
 .text.RSI_Set_Cntrls_To_M4
                0x0820254c       0x50 CMakeFiles/slc.dir/base/1ed7857642800241ad78556a3f4d709e/p/wisec552428a457111/p/components/device/silabs/si91x/mcu/core/chip/src/rsi_deepsleep_soc.c.obj
                0x0820254c                RSI_Set_Cntrls_To_M4
 .text.Default_Handler
                0x0820259c        0x2 CMakeFiles/slc.dir/base/1ed7857642800241ad78556a3f4d709e/p/wisec552428a457111/p/components/device/silabs/si91x/mcu/core/chip/src/startup_si91x.c.obj
                0x0820259c                DebugMon_Handler
                0x0820259c                IRQ031_Handler
                0x0820259c                HardFault_Handler
                0x0820259c                IRQ058_Handler
                0x0820259c                IRQ095_Handler
                0x0820259c                IRQ065_Handler
                0x0820259c                IRQ019_Handler
                0x0820259c                IRQ056_Handler
                0x0820259c                IRQ093_Handler
                0x0820259c                NMI_Handler
                0x0820259c                IRQ014_Handler
                0x0820259c                IRQ051_Handler
                0x0820259c                IRQ027_Handler
                0x0820259c                IRQ062_Handler
                0x0820259c                IRQ097_Handler
                0x0820259c                IRQ088_Handler
                0x0820259c                IRQ034_Handler
                0x0820259c                IRQ071_Handler
                0x0820259c                IRQ067_Handler
                0x0820259c                IRQ070_Handler
                0x0820259c                IRQ077_Handler
                0x0820259c                IRQ028_Handler
                0x0820259c                IRQ063_Handler
                0x0820259c                IRQ076_Handler
                0x0820259c                UsageFault_Handler
                0x0820259c                IRQ023_Handler
                0x0820259c                IRQ009_Handler
                0x0820259c                IRQ048_Handler
                0x0820259c                IRQ083_Handler
                0x0820259c                IRQ089_Handler
                0x0820259c                HIF1_IRQHandler
                0x0820259c                IRQ037_Handler
                0x0820259c                IRQ072_Handler
                0x0820259c                IRQ021_Handler
                0x0820259c                IRQ008_Handler
                0x0820259c                IRQ047_Handler
                0x0820259c                IRQ082_Handler
                0x0820259c                IRQ022_Handler
                0x0820259c                IRQ007_Handler
                0x0820259c                IRQ046_Handler
                0x0820259c                IRQ081_Handler
                0x0820259c                IRQ004_Handler
                0x0820259c                IRQ043_Handler
                0x0820259c                IRQ002_Handler
                0x0820259c                IRQ041_Handler
                0x0820259c                IRQ098_Handler
                0x0820259c                IRQ000_Handler
                0x0820259c                IRQ005_Handler
                0x0820259c                IRQ044_Handler
                0x0820259c                IRQ049_Handler
                0x0820259c                IRQ084_Handler
                0x0820259c                IRQ006_Handler
                0x0820259c                IRQ045_Handler
                0x0820259c                IRQ080_Handler
                0x0820259c                IRQ015_Handler
                0x0820259c                IRQ052_Handler
                0x0820259c                MemManage_Handler
                0x0820259c                HIF2_IRQHandler
                0x0820259c                IRQ001_Handler
                0x0820259c                IRQ040_Handler
                0x0820259c                IRQ068_Handler
                0x0820259c                IRQ059_Handler
                0x0820259c                IRQ096_Handler
                0x0820259c                IRQ003_Handler
                0x0820259c                IRQ042_Handler
                0x0820259c                IRQ024_Handler
                0x0820259c                IRQ016_Handler
                0x0820259c                IRQ053_Handler
                0x0820259c                IRQ090_Handler
                0x0820259c                IRQ078_Handler
                0x0820259c                IRQ032_Handler
                0x0820259c                IRQ020_Handler
                0x0820259c                IRQ073_Handler
                0x0820259c                IRQ018_Handler
                0x0820259c                IRQ055_Handler
                0x0820259c                IRQ092_Handler
                0x0820259c                IRQ087_Handler
                0x0820259c                IRQ026_Handler
                0x0820259c                IRQ061_Handler
                0x0820259c                IRQ025_Handler
                0x0820259c                IRQ060_Handler
                0x0820259c                IRQ085_Handler
                0x0820259c                IRQ013_Handler
                0x0820259c                IRQ050_Handler
                0x0820259c                IRQ030_Handler
                0x0820259c                IRQ029_Handler
                0x0820259c                IRQ064_Handler
                0x0820259c                IRQ066_Handler
                0x0820259c                IRQ017_Handler
                0x0820259c                IRQ054_Handler
                0x0820259c                IRQ091_Handler
                0x0820259c                BusFault_Handler
                0x0820259c                IRQ069_Handler
                0x0820259c                IRQ075_Handler
                0x0820259c                IRQ086_Handler
                0x0820259c                IRQ057_Handler
                0x0820259c                IRQ094_Handler
                0x0820259c                IRQ079_Handler
 *fill*         0x0820259e        0x2 
 .text.Copy_Table
                0x082025a0       0x24 CMakeFiles/slc.dir/base/1ed7857642800241ad78556a3f4d709e/p/wisec552428a457111/p/components/device/silabs/si91x/mcu/core/chip/src/startup_si91x.c.obj
                0x082025a0                Copy_Table
 .text.Zero_Table
                0x082025c4       0x24 CMakeFiles/slc.dir/base/1ed7857642800241ad78556a3f4d709e/p/wisec552428a457111/p/components/device/silabs/si91x/mcu/core/chip/src/startup_si91x.c.obj
                0x082025c4                Zero_Table
 .text.RSI_Default_Reset_Handler
                0x082025e8       0x16 CMakeFiles/slc.dir/base/1ed7857642800241ad78556a3f4d709e/p/wisec552428a457111/p/components/device/silabs/si91x/mcu/core/chip/src/startup_si91x.c.obj
                0x082025e8                RSI_Default_Reset_Handler
                0x082025e8                Reset_Handler
 *fill*         0x082025fe        0x2 
 .text.SystemCoreClockUpdate
                0x08202600      0x128 CMakeFiles/slc.dir/base/1fcfd36ae6c6fcb4cbde4143c1479570/conan/p/wisec552428a457111/p/components/device/silabs/si91x/mcu/core/chip/src/system_si91x.c.obj
                0x08202600                SystemCoreClockUpdate
 .text.fpuInit  0x08202728       0x44 CMakeFiles/slc.dir/base/1fcfd36ae6c6fcb4cbde4143c1479570/conan/p/wisec552428a457111/p/components/device/silabs/si91x/mcu/core/chip/src/system_si91x.c.obj
                0x08202728                fpuInit
 .text.SystemInit
                0x0820276c       0xe4 CMakeFiles/slc.dir/base/1fcfd36ae6c6fcb4cbde4143c1479570/conan/p/wisec552428a457111/p/components/device/silabs/si91x/mcu/core/chip/src/system_si91x.c.obj
                0x0820276c                SystemInit
 .text.ARM_UART_SignalEvent
                0x08202850       0x24 CMakeFiles/slc.dir/base/1fcfd36ae6c6fcb4cbde4143c1479570/conan/p/wisec552428a457111/p/components/device/silabs/si91x/mcu/core/common/src/rsi_debug.c.obj
                0x08202850                ARM_UART_SignalEvent
 .text.Board_Debug_Init
                0x08202874       0x5c CMakeFiles/slc.dir/base/1fcfd36ae6c6fcb4cbde4143c1479570/conan/p/wisec552428a457111/p/components/device/silabs/si91x/mcu/core/common/src/rsi_debug.c.obj
                0x08202874                Board_Debug_Init
 .text.Board_UARTGetChar
                0x082028d0       0x30 CMakeFiles/slc.dir/base/1fcfd36ae6c6fcb4cbde4143c1479570/conan/p/wisec552428a457111/p/components/device/silabs/si91x/mcu/core/common/src/rsi_debug.c.obj
                0x082028d0                Board_UARTGetChar
 .text.Board_UARTPutChar
                0x08202900       0x30 CMakeFiles/slc.dir/base/1fcfd36ae6c6fcb4cbde4143c1479570/conan/p/wisec552428a457111/p/components/device/silabs/si91x/mcu/core/common/src/rsi_debug.c.obj
                0x08202900                Board_UARTPutChar
 .text.read_exclude_space
                0x08202930       0x20 CMakeFiles/slc.dir/base/1fcfd36ae6c6fcb4cbde4143c1479570/conan/p/wisec552428a457111/p/components/device/silabs/si91x/mcu/core/common/src/syscalls.c.obj
 .text._getpid  0x08202950        0x4 CMakeFiles/slc.dir/base/1fcfd36ae6c6fcb4cbde4143c1479570/conan/p/wisec552428a457111/p/components/device/silabs/si91x/mcu/core/common/src/syscalls.c.obj
                0x08202950                _getpid
 .text._kill    0x08202954       0x10 CMakeFiles/slc.dir/base/1fcfd36ae6c6fcb4cbde4143c1479570/conan/p/wisec552428a457111/p/components/device/silabs/si91x/mcu/core/common/src/syscalls.c.obj
                0x08202954                _kill
 .text._exit    0x08202964        0xc CMakeFiles/slc.dir/base/1fcfd36ae6c6fcb4cbde4143c1479570/conan/p/wisec552428a457111/p/components/device/silabs/si91x/mcu/core/common/src/syscalls.c.obj
                0x08202964                _exit
 .text._write   0x08202970       0x44 CMakeFiles/slc.dir/base/1fcfd36ae6c6fcb4cbde4143c1479570/conan/p/wisec552428a457111/p/components/device/silabs/si91x/mcu/core/common/src/syscalls.c.obj
                0x08202970                _write
 .text._close   0x082029b4        0x6 CMakeFiles/slc.dir/base/1fcfd36ae6c6fcb4cbde4143c1479570/conan/p/wisec552428a457111/p/components/device/silabs/si91x/mcu/core/common/src/syscalls.c.obj
                0x082029b4                _close
 .text._fstat   0x082029ba        0xa CMakeFiles/slc.dir/base/1fcfd36ae6c6fcb4cbde4143c1479570/conan/p/wisec552428a457111/p/components/device/silabs/si91x/mcu/core/common/src/syscalls.c.obj
                0x082029ba                _fstat
 .text._isatty  0x082029c4        0x4 CMakeFiles/slc.dir/base/1fcfd36ae6c6fcb4cbde4143c1479570/conan/p/wisec552428a457111/p/components/device/silabs/si91x/mcu/core/common/src/syscalls.c.obj
                0x082029c4                _isatty
 .text._lseek   0x082029c8        0x4 CMakeFiles/slc.dir/base/1fcfd36ae6c6fcb4cbde4143c1479570/conan/p/wisec552428a457111/p/components/device/silabs/si91x/mcu/core/common/src/syscalls.c.obj
                0x082029c8                _lseek
 .text._read    0x082029cc      0x300 CMakeFiles/slc.dir/base/1fcfd36ae6c6fcb4cbde4143c1479570/conan/p/wisec552428a457111/p/components/device/silabs/si91x/mcu/core/common/src/syscalls.c.obj
                0x082029cc                _read
 .text.sl_si91x_device_init_nvic
                0x08202ccc       0x18 CMakeFiles/slc.dir/base/f592a87dc9833d14b75c105bcef8e6e3/p/components/device/silabs/si91x/mcu/core/config/src/rsi_nvic_priorities_config.c.obj
                0x08202ccc                sl_si91x_device_init_nvic
 .text.ARM_USARTx_GetVersion
                0x08202ce4       0x20 CMakeFiles/slc.dir/base/1fcfd36ae6c6fcb4cbde4143c1479570/conan/p/wisec552428a457111/p/components/device/silabs/si91x/mcu/drivers/cmsis_driver/USART.c.obj
                0x08202ce4                ARM_USARTx_GetVersion
 .text.ARM_ULP_UART_GetCapabilities
                0x08202d04        0xc CMakeFiles/slc.dir/base/1fcfd36ae6c6fcb4cbde4143c1479570/conan/p/wisec552428a457111/p/components/device/silabs/si91x/mcu/drivers/cmsis_driver/USART.c.obj
 .text.ARM_ULP_UART_GetModemStatus
                0x08202d10        0xc CMakeFiles/slc.dir/base/1fcfd36ae6c6fcb4cbde4143c1479570/conan/p/wisec552428a457111/p/components/device/silabs/si91x/mcu/drivers/cmsis_driver/USART.c.obj
 .text.ARM_ULP_UART_SetModemControl
                0x08202d1c        0xc CMakeFiles/slc.dir/base/1fcfd36ae6c6fcb4cbde4143c1479570/conan/p/wisec552428a457111/p/components/device/silabs/si91x/mcu/drivers/cmsis_driver/USART.c.obj
 .text.ARM_ULP_UART_GetStatus
                0x08202d28        0xc CMakeFiles/slc.dir/base/1fcfd36ae6c6fcb4cbde4143c1479570/conan/p/wisec552428a457111/p/components/device/silabs/si91x/mcu/drivers/cmsis_driver/USART.c.obj
 .text.ARM_ULP_UART_Control
                0x08202d34       0x34 CMakeFiles/slc.dir/base/1fcfd36ae6c6fcb4cbde4143c1479570/conan/p/wisec552428a457111/p/components/device/silabs/si91x/mcu/drivers/cmsis_driver/USART.c.obj
 .text.ARM_ULP_UART_GetRxCount
                0x08202d68        0xc CMakeFiles/slc.dir/base/1fcfd36ae6c6fcb4cbde4143c1479570/conan/p/wisec552428a457111/p/components/device/silabs/si91x/mcu/drivers/cmsis_driver/USART.c.obj
 .text.ARM_ULP_UART_GetTxCount
                0x08202d74        0xc CMakeFiles/slc.dir/base/1fcfd36ae6c6fcb4cbde4143c1479570/conan/p/wisec552428a457111/p/components/device/silabs/si91x/mcu/drivers/cmsis_driver/USART.c.obj
 .text.ARM_ULP_UART_Transfer
                0x08202d80       0x54 CMakeFiles/slc.dir/base/1fcfd36ae6c6fcb4cbde4143c1479570/conan/p/wisec552428a457111/p/components/device/silabs/si91x/mcu/drivers/cmsis_driver/USART.c.obj
 .text.ARM_ULP_UART_Receive
                0x08202dd4       0x48 CMakeFiles/slc.dir/base/1fcfd36ae6c6fcb4cbde4143c1479570/conan/p/wisec552428a457111/p/components/device/silabs/si91x/mcu/drivers/cmsis_driver/USART.c.obj
 .text.ARM_ULP_UART_Send
                0x08202e1c       0x48 CMakeFiles/slc.dir/base/1fcfd36ae6c6fcb4cbde4143c1479570/conan/p/wisec552428a457111/p/components/device/silabs/si91x/mcu/drivers/cmsis_driver/USART.c.obj
 .text.ARM_ULP_UART_PowerControl
                0x08202e64       0x18 CMakeFiles/slc.dir/base/1fcfd36ae6c6fcb4cbde4143c1479570/conan/p/wisec552428a457111/p/components/device/silabs/si91x/mcu/drivers/cmsis_driver/USART.c.obj
 .text.ARM_ULP_UART_Uninitialize
                0x08202e7c       0x1c CMakeFiles/slc.dir/base/1fcfd36ae6c6fcb4cbde4143c1479570/conan/p/wisec552428a457111/p/components/device/silabs/si91x/mcu/drivers/cmsis_driver/USART.c.obj
 .text.ARM_ULP_UART_Initialize
                0x08202e98       0x30 CMakeFiles/slc.dir/base/1fcfd36ae6c6fcb4cbde4143c1479570/conan/p/wisec552428a457111/p/components/device/silabs/si91x/mcu/drivers/cmsis_driver/USART.c.obj
 .text.IRQ038_Handler
                0x08202ec8        0xc CMakeFiles/slc.dir/base/1fcfd36ae6c6fcb4cbde4143c1479570/conan/p/wisec552428a457111/p/components/device/silabs/si91x/mcu/drivers/cmsis_driver/USART.c.obj
                0x08202ec8                IRQ038_Handler
 .text.IRQ039_Handler
                0x08202ed4        0xc CMakeFiles/slc.dir/base/1fcfd36ae6c6fcb4cbde4143c1479570/conan/p/wisec552428a457111/p/components/device/silabs/si91x/mcu/drivers/cmsis_driver/USART.c.obj
                0x08202ed4                IRQ039_Handler
 .text.IRQ012_Handler
                0x08202ee0        0xc CMakeFiles/slc.dir/base/1fcfd36ae6c6fcb4cbde4143c1479570/conan/p/wisec552428a457111/p/components/device/silabs/si91x/mcu/drivers/cmsis_driver/USART.c.obj
                0x08202ee0                IRQ012_Handler
 .text.RSI_ULPUartHandler
                0x08202eec        0x4 CMakeFiles/slc.dir/base/1fcfd36ae6c6fcb4cbde4143c1479570/conan/p/wisec552428a457111/p/components/device/silabs/si91x/mcu/drivers/cmsis_driver/USART.c.obj
                0x08202eec                RSI_ULPUartHandler
 .text.RSI_AUX_RefVoltageConfig
                0x08202ef0       0xe8 CMakeFiles/slc.dir/base/df52ed7795318f40e559a5b0b40ae2c2/device/silabs/si91x/mcu/drivers/peripheral_drivers/src/aux_reference_volt_config.c.obj
                0x08202ef0                RSI_AUX_RefVoltageConfig
 .text.RSI_CLK_GetM4RefClock
                0x08202fd8       0x30 CMakeFiles/slc.dir/base/f592a87dc9833d14b75c105bcef8e6e3/p/components/device/silabs/si91x/mcu/drivers/peripheral_drivers/src/clock_update.c.obj
 .text.RSI_CLK_GetUlpssTouchClock
                0x08203008       0x48 CMakeFiles/slc.dir/base/f592a87dc9833d14b75c105bcef8e6e3/p/components/device/silabs/si91x/mcu/drivers/peripheral_drivers/src/clock_update.c.obj
 .text.RSI_CLK_GetQspi2Clock
                0x08203050       0x50 CMakeFiles/slc.dir/base/f592a87dc9833d14b75c105bcef8e6e3/p/components/device/silabs/si91x/mcu/drivers/peripheral_drivers/src/clock_update.c.obj
 .text.RSI_CLK_GetUart1Clock
                0x082030a0       0x74 CMakeFiles/slc.dir/base/f592a87dc9833d14b75c105bcef8e6e3/p/components/device/silabs/si91x/mcu/drivers/peripheral_drivers/src/clock_update.c.obj
 .text.RSI_CLK_GetBaseClock
                0x08203114      0x334 CMakeFiles/slc.dir/base/f592a87dc9833d14b75c105bcef8e6e3/p/components/device/silabs/si91x/mcu/drivers/peripheral_drivers/src/clock_update.c.obj
                0x08203114                RSI_CLK_GetBaseClock
 .text.RSI_EGPIO_HostPadsGpioModeDisable
                0x08203448       0x10 CMakeFiles/slc.dir/base/f592a87dc9833d14b75c105bcef8e6e3/p/components/device/silabs/si91x/mcu/drivers/peripheral_drivers/src/rsi_adc.c.obj
 .text.RSI_EGPIO_PadReceiverDisable
                0x08203458       0x10 CMakeFiles/slc.dir/base/f592a87dc9833d14b75c105bcef8e6e3/p/components/device/silabs/si91x/mcu/drivers/peripheral_drivers/src/rsi_adc.c.obj
 .text.RSI_EGPIO_UlpPadReceiverDisable
                0x08203468       0x10 CMakeFiles/slc.dir/base/f592a87dc9833d14b75c105bcef8e6e3/p/components/device/silabs/si91x/mcu/drivers/peripheral_drivers/src/rsi_adc.c.obj
 .text.adc_dac_ceil
                0x08203478       0x2a CMakeFiles/slc.dir/base/f592a87dc9833d14b75c105bcef8e6e3/p/components/device/silabs/si91x/mcu/drivers/peripheral_drivers/src/rsi_adc.c.obj
 *fill*         0x082034a2        0x2 
 .text.ADC_DMA_Transfer_Complete
                0x082034a4       0x10 CMakeFiles/slc.dir/base/f592a87dc9833d14b75c105bcef8e6e3/p/components/device/silabs/si91x/mcu/drivers/peripheral_drivers/src/rsi_adc.c.obj
                0x082034a4                ADC_DMA_Transfer_Complete
 .text.ADC_DMA_Error_Callback
                0x082034b4        0x4 CMakeFiles/slc.dir/base/f592a87dc9833d14b75c105bcef8e6e3/p/components/device/silabs/si91x/mcu/drivers/peripheral_drivers/src/rsi_adc.c.obj
                0x082034b4                ADC_DMA_Error_Callback
 .text.RSI_EGPIO_SetPinMux.constprop.0
                0x082034b8       0x1c CMakeFiles/slc.dir/base/f592a87dc9833d14b75c105bcef8e6e3/p/components/device/silabs/si91x/mcu/drivers/peripheral_drivers/src/rsi_adc.c.obj
 .text.RSI_ADC_PowerControl.part.0
                0x082034d4       0x40 CMakeFiles/slc.dir/base/f592a87dc9833d14b75c105bcef8e6e3/p/components/device/silabs/si91x/mcu/drivers/peripheral_drivers/src/rsi_adc.c.obj
 .text.ADC_Start
                0x08203514       0x38 CMakeFiles/slc.dir/base/f592a87dc9833d14b75c105bcef8e6e3/p/components/device/silabs/si91x/mcu/drivers/peripheral_drivers/src/rsi_adc.c.obj
                0x08203514                ADC_Start
 .text.cal_adc_channel_offset
                0x0820354c       0x8c CMakeFiles/slc.dir/base/f592a87dc9833d14b75c105bcef8e6e3/p/components/device/silabs/si91x/mcu/drivers/peripheral_drivers/src/rsi_adc.c.obj
                0x0820354c                cal_adc_channel_offset
 .text.check_power_two
                0x082035d8       0x12 CMakeFiles/slc.dir/base/f592a87dc9833d14b75c105bcef8e6e3/p/components/device/silabs/si91x/mcu/drivers/peripheral_drivers/src/rsi_adc.c.obj
                0x082035d8                check_power_two
 .text.roundupto_pwr2
                0x082035ea       0x1e CMakeFiles/slc.dir/base/f592a87dc9833d14b75c105bcef8e6e3/p/components/device/silabs/si91x/mcu/drivers/peripheral_drivers/src/rsi_adc.c.obj
                0x082035ea                roundupto_pwr2
 .text.config_ch_freq
                0x08203608      0x1b4 CMakeFiles/slc.dir/base/f592a87dc9833d14b75c105bcef8e6e3/p/components/device/silabs/si91x/mcu/drivers/peripheral_drivers/src/rsi_adc.c.obj
 .text.max_sample_rate_achive
                0x082037bc       0x30 CMakeFiles/slc.dir/base/f592a87dc9833d14b75c105bcef8e6e3/p/components/device/silabs/si91x/mcu/drivers/peripheral_drivers/src/rsi_adc.c.obj
                0x082037bc                max_sample_rate_achive
 .text.get_min_sampling_time
                0x082037ec      0x2a0 CMakeFiles/slc.dir/base/f592a87dc9833d14b75c105bcef8e6e3/p/components/device/silabs/si91x/mcu/drivers/peripheral_drivers/src/rsi_adc.c.obj
                0x082037ec                get_min_sampling_time
 .text.ADC_PinMux
                0x08203a8c      0x2e0 CMakeFiles/slc.dir/base/f592a87dc9833d14b75c105bcef8e6e3/p/components/device/silabs/si91x/mcu/drivers/peripheral_drivers/src/rsi_adc.c.obj
                0x08203a8c                ADC_PinMux
 .text.RSI_ADC_PingPongMemoryAdrConfig
                0x08203d6c       0xe0 CMakeFiles/slc.dir/base/f592a87dc9833d14b75c105bcef8e6e3/p/components/device/silabs/si91x/mcu/drivers/peripheral_drivers/src/rsi_adc.c.obj
                0x08203d6c                RSI_ADC_PingPongMemoryAdrConfig
 .text.RSI_ADC_PingPongReInit
                0x08203e4c       0x60 CMakeFiles/slc.dir/base/f592a87dc9833d14b75c105bcef8e6e3/p/components/device/silabs/si91x/mcu/drivers/peripheral_drivers/src/rsi_adc.c.obj
                0x08203e4c                RSI_ADC_PingPongReInit
 .text.RSI_ADC_Calibration
                0x08203eac       0xb8 CMakeFiles/slc.dir/base/f592a87dc9833d14b75c105bcef8e6e3/p/components/device/silabs/si91x/mcu/drivers/peripheral_drivers/src/rsi_adc.c.obj
                0x08203eac                RSI_ADC_Calibration
 .text.ADC_Init
                0x08203f64      0x140 CMakeFiles/slc.dir/base/f592a87dc9833d14b75c105bcef8e6e3/p/components/device/silabs/si91x/mcu/drivers/peripheral_drivers/src/rsi_adc.c.obj
                0x08203f64                ADC_Init
 .text.ADC_Per_Channel_Init
                0x082040a4      0x144 CMakeFiles/slc.dir/base/f592a87dc9833d14b75c105bcef8e6e3/p/components/device/silabs/si91x/mcu/drivers/peripheral_drivers/src/rsi_adc.c.obj
                0x082040a4                ADC_Per_Channel_Init
 .text.RSI_ADC_PingpongEnable
                0x082041e8       0x28 CMakeFiles/slc.dir/base/f592a87dc9833d14b75c105bcef8e6e3/p/components/device/silabs/si91x/mcu/drivers/peripheral_drivers/src/rsi_adc.c.obj
                0x082041e8                RSI_ADC_PingpongEnable
 .text.RSI_ADC_InternalPerChnlDmaEnable
                0x08204210       0x2a CMakeFiles/slc.dir/base/f592a87dc9833d14b75c105bcef8e6e3/p/components/device/silabs/si91x/mcu/drivers/peripheral_drivers/src/rsi_adc.c.obj
                0x08204210                RSI_ADC_InternalPerChnlDmaEnable
 .text.RSI_ADC_ChannelConfig
                0x0820423a       0x68 CMakeFiles/slc.dir/base/f592a87dc9833d14b75c105bcef8e6e3/p/components/device/silabs/si91x/mcu/drivers/peripheral_drivers/src/rsi_adc.c.obj
                0x0820423a                RSI_ADC_ChannelConfig
 *fill*         0x082042a2        0x2 
 .text.RSI_ADC_Stop
                0x082042a4       0x2c CMakeFiles/slc.dir/base/f592a87dc9833d14b75c105bcef8e6e3/p/components/device/silabs/si91x/mcu/drivers/peripheral_drivers/src/rsi_adc.c.obj
                0x082042a4                RSI_ADC_Stop
 .text.ADC_Stop
                0x082042d0       0x10 CMakeFiles/slc.dir/base/f592a87dc9833d14b75c105bcef8e6e3/p/components/device/silabs/si91x/mcu/drivers/peripheral_drivers/src/rsi_adc.c.obj
                0x082042d0                ADC_Stop
 .text.RSI_ADC_ChnlEnable
                0x082042e0       0x40 CMakeFiles/slc.dir/base/f592a87dc9833d14b75c105bcef8e6e3/p/components/device/silabs/si91x/mcu/drivers/peripheral_drivers/src/rsi_adc.c.obj
                0x082042e0                RSI_ADC_ChnlEnable
 .text.RSI_ADC_ClkDivfactor
                0x08204320       0x34 CMakeFiles/slc.dir/base/f592a87dc9833d14b75c105bcef8e6e3/p/components/device/silabs/si91x/mcu/drivers/peripheral_drivers/src/rsi_adc.c.obj
                0x08204320                RSI_ADC_ClkDivfactor
 .text.RSI_ADC_ChnlIntrUnMask
                0x08204354       0x58 CMakeFiles/slc.dir/base/f592a87dc9833d14b75c105bcef8e6e3/p/components/device/silabs/si91x/mcu/drivers/peripheral_drivers/src/rsi_adc.c.obj
                0x08204354                RSI_ADC_ChnlIntrUnMask
 .text.RSI_ADC_ChnlIntrClr
                0x082043ac       0x36 CMakeFiles/slc.dir/base/f592a87dc9833d14b75c105bcef8e6e3/p/components/device/silabs/si91x/mcu/drivers/peripheral_drivers/src/rsi_adc.c.obj
                0x082043ac                RSI_ADC_ChnlIntrClr
 *fill*         0x082043e2        0x2 
 .text.RSI_ADC_PowerControl
                0x082043e4       0x54 CMakeFiles/slc.dir/base/f592a87dc9833d14b75c105bcef8e6e3/p/components/device/silabs/si91x/mcu/drivers/peripheral_drivers/src/rsi_adc.c.obj
                0x082043e4                RSI_ADC_PowerControl
 .text.ADC_Deinit
                0x08204438       0x3c CMakeFiles/slc.dir/base/f592a87dc9833d14b75c105bcef8e6e3/p/components/device/silabs/si91x/mcu/drivers/peripheral_drivers/src/rsi_adc.c.obj
                0x08204438                ADC_Deinit
 .text.RSI_ADC_NoiseAvgMode
                0x08204474       0x20 CMakeFiles/slc.dir/base/f592a87dc9833d14b75c105bcef8e6e3/p/components/device/silabs/si91x/mcu/drivers/peripheral_drivers/src/rsi_adc.c.obj
                0x08204474                RSI_ADC_NoiseAvgMode
 .text.ADC_ChannelConfig
                0x08204494      0x338 CMakeFiles/slc.dir/base/f592a87dc9833d14b75c105bcef8e6e3/p/components/device/silabs/si91x/mcu/drivers/peripheral_drivers/src/rsi_adc.c.obj
                0x08204494                ADC_ChannelConfig
 .text.ADC_Per_ChannelConfig
                0x082047cc      0x394 CMakeFiles/slc.dir/base/f592a87dc9833d14b75c105bcef8e6e3/p/components/device/silabs/si91x/mcu/drivers/peripheral_drivers/src/rsi_adc.c.obj
                0x082047cc                ADC_Per_ChannelConfig
 .text.RSI_ADC_TempSensorEnable
                0x08204b60       0x10 CMakeFiles/slc.dir/base/f592a87dc9833d14b75c105bcef8e6e3/p/components/device/silabs/si91x/mcu/drivers/peripheral_drivers/src/rsi_adc.c.obj
                0x08204b60                RSI_ADC_TempSensorEnable
 .text.RSI_ADC_InterruptHandler
                0x08204b70       0xf4 CMakeFiles/slc.dir/base/f592a87dc9833d14b75c105bcef8e6e3/p/components/device/silabs/si91x/mcu/drivers/peripheral_drivers/src/rsi_adc.c.obj
                0x08204b70                RSI_ADC_InterruptHandler
 .text.IRQ011_Handler
                0x08204c64        0xc CMakeFiles/slc.dir/base/f592a87dc9833d14b75c105bcef8e6e3/p/components/device/silabs/si91x/mcu/drivers/peripheral_drivers/src/rsi_adc.c.obj
                0x08204c64                IRQ011_Handler
 .text.RSI_ADC_GainOffsetCal
                0x08204c70       0x6c CMakeFiles/slc.dir/base/f592a87dc9833d14b75c105bcef8e6e3/p/components/device/silabs/si91x/mcu/drivers/peripheral_drivers/src/rsi_adc.c.obj
                0x08204c70                RSI_ADC_GainOffsetCal
 .text.RSI_ADC_ReadDataStatic
                0x08204cdc       0x14 CMakeFiles/slc.dir/base/f592a87dc9833d14b75c105bcef8e6e3/p/components/device/silabs/si91x/mcu/drivers/peripheral_drivers/src/rsi_adc.c.obj
                0x08204cdc                RSI_ADC_ReadDataStatic
 .text.RSI_DAC_InterruptMask
                0x08204cf0       0x1e CMakeFiles/slc.dir/base/f592a87dc9833d14b75c105bcef8e6e3/p/components/device/silabs/si91x/mcu/drivers/peripheral_drivers/src/rsi_dac.c.obj
                0x08204cf0                RSI_DAC_InterruptMask
 .text.RSI_OPAMP1_Config
                0x08204d0e       0xc6 CMakeFiles/slc.dir/base/f592a87dc9833d14b75c105bcef8e6e3/p/components/device/silabs/si91x/mcu/drivers/peripheral_drivers/src/rsi_opamp.c.obj
                0x08204d0e                RSI_OPAMP1_Config
 .text.RSI_EGPIO_SetPinMux
                0x08204dd4       0x14 CMakeFiles/slc.dir/base/f592a87dc9833d14b75c105bcef8e6e3/p/components/device/silabs/si91x/mcu/drivers/peripheral_drivers/src/rsi_usart.c.obj
 .text.RSI_EGPIO_UlpSocGpioMode.constprop.0
                0x08204de8       0x18 CMakeFiles/slc.dir/base/f592a87dc9833d14b75c105bcef8e6e3/p/components/device/silabs/si91x/mcu/drivers/peripheral_drivers/src/rsi_usart.c.obj
 .text.UDMAx_ChannelDisable.isra.0
                0x08204e00        0xc CMakeFiles/slc.dir/base/f592a87dc9833d14b75c105bcef8e6e3/p/components/device/silabs/si91x/mcu/drivers/peripheral_drivers/src/rsi_usart.c.obj
 .text.configure_usart_gpio_pin
                0x08204e0c      0x1a8 CMakeFiles/slc.dir/base/f592a87dc9833d14b75c105bcef8e6e3/p/components/device/silabs/si91x/mcu/drivers/peripheral_drivers/src/rsi_usart.c.obj
 .text.UartIrqHandler
                0x08204fb4      0x1e8 CMakeFiles/slc.dir/base/f592a87dc9833d14b75c105bcef8e6e3/p/components/device/silabs/si91x/mcu/drivers/peripheral_drivers/src/rsi_usart.c.obj
                0x08204fb4                UartIrqHandler
 .text.USART_SetBaudrate
                0x0820519c       0x50 CMakeFiles/slc.dir/base/f592a87dc9833d14b75c105bcef8e6e3/p/components/device/silabs/si91x/mcu/drivers/peripheral_drivers/src/rsi_usart.c.obj
                0x0820519c                USART_SetBaudrate
 .text.USART_Initialize
                0x082051ec      0x100 CMakeFiles/slc.dir/base/f592a87dc9833d14b75c105bcef8e6e3/p/components/device/silabs/si91x/mcu/drivers/peripheral_drivers/src/rsi_usart.c.obj
                0x082051ec                USART_Initialize
 .text.USART_Uninitialize
                0x082052ec       0x78 CMakeFiles/slc.dir/base/f592a87dc9833d14b75c105bcef8e6e3/p/components/device/silabs/si91x/mcu/drivers/peripheral_drivers/src/rsi_usart.c.obj
                0x082052ec                USART_Uninitialize
 .text.USART_PowerControl
                0x08205364      0x118 CMakeFiles/slc.dir/base/f592a87dc9833d14b75c105bcef8e6e3/p/components/device/silabs/si91x/mcu/drivers/peripheral_drivers/src/rsi_usart.c.obj
                0x08205364                USART_PowerControl
 .text.USART_Send_Data
                0x0820547c      0x15c CMakeFiles/slc.dir/base/f592a87dc9833d14b75c105bcef8e6e3/p/components/device/silabs/si91x/mcu/drivers/peripheral_drivers/src/rsi_usart.c.obj
                0x0820547c                USART_Send_Data
 .text.USART_Receive_Data
                0x082055d8      0x13c CMakeFiles/slc.dir/base/f592a87dc9833d14b75c105bcef8e6e3/p/components/device/silabs/si91x/mcu/drivers/peripheral_drivers/src/rsi_usart.c.obj
                0x082055d8                USART_Receive_Data
 .text.USART_Transfer
                0x08205714       0x72 CMakeFiles/slc.dir/base/f592a87dc9833d14b75c105bcef8e6e3/p/components/device/silabs/si91x/mcu/drivers/peripheral_drivers/src/rsi_usart.c.obj
                0x08205714                USART_Transfer
 .text.USART_GetTxCount
                0x08205786        0x6 CMakeFiles/slc.dir/base/f592a87dc9833d14b75c105bcef8e6e3/p/components/device/silabs/si91x/mcu/drivers/peripheral_drivers/src/rsi_usart.c.obj
                0x08205786                USART_GetTxCount
 .text.USART_GetRxCount
                0x0820578c        0x6 CMakeFiles/slc.dir/base/f592a87dc9833d14b75c105bcef8e6e3/p/components/device/silabs/si91x/mcu/drivers/peripheral_drivers/src/rsi_usart.c.obj
                0x0820578c                USART_GetRxCount
 *fill*         0x08205792        0x2 
 .text.USART_Control
                0x08205794      0x458 CMakeFiles/slc.dir/base/f592a87dc9833d14b75c105bcef8e6e3/p/components/device/silabs/si91x/mcu/drivers/peripheral_drivers/src/rsi_usart.c.obj
                0x08205794                USART_Control
 .text.USART_GetStatus
                0x08205bec       0x42 CMakeFiles/slc.dir/base/f592a87dc9833d14b75c105bcef8e6e3/p/components/device/silabs/si91x/mcu/drivers/peripheral_drivers/src/rsi_usart.c.obj
                0x08205bec                USART_GetStatus
 *fill*         0x08205c2e        0x2 
 .text.USART_SetModemControl
                0x08205c30       0x80 CMakeFiles/slc.dir/base/f592a87dc9833d14b75c105bcef8e6e3/p/components/device/silabs/si91x/mcu/drivers/peripheral_drivers/src/rsi_usart.c.obj
                0x08205c30                USART_SetModemControl
 .text.USART_GetModemStatus
                0x08205cb0       0x60 CMakeFiles/slc.dir/base/f592a87dc9833d14b75c105bcef8e6e3/p/components/device/silabs/si91x/mcu/drivers/peripheral_drivers/src/rsi_usart.c.obj
                0x08205cb0                USART_GetModemStatus
 .text.convert_rsi_to_sl_error_code
                0x08205d10       0x58 CMakeFiles/slc.dir/base/df52ed7795318f40e559a5b0b40ae2c2/device/silabs/si91x/mcu/drivers/service/clock_manager/src/sl_si91x_clock_manager.c.obj
 .text.RSI_CLK_IntfPLLTurnOn.isra.0
                0x08205d68        0xc CMakeFiles/slc.dir/base/df52ed7795318f40e559a5b0b40ae2c2/device/silabs/si91x/mcu/drivers/service/clock_manager/src/sl_si91x_clock_manager.c.obj
 .text.RSI_CLK_I2sPllTurnOn.isra.0
                0x08205d74        0xc CMakeFiles/slc.dir/base/df52ed7795318f40e559a5b0b40ae2c2/device/silabs/si91x/mcu/drivers/service/clock_manager/src/sl_si91x_clock_manager.c.obj
 .text.RSI_CLK_SocPllTurnOn.isra.0
                0x08205d80        0xc CMakeFiles/slc.dir/base/df52ed7795318f40e559a5b0b40ae2c2/device/silabs/si91x/mcu/drivers/service/clock_manager/src/sl_si91x_clock_manager.c.obj
 .text.sl_si91x_clock_manager_set_pll_freq
                0x08205d8c      0x120 CMakeFiles/slc.dir/base/df52ed7795318f40e559a5b0b40ae2c2/device/silabs/si91x/mcu/drivers/service/clock_manager/src/sl_si91x_clock_manager.c.obj
                0x08205d8c                sl_si91x_clock_manager_set_pll_freq
 .text.sl_si91x_clock_manager_m4_set_core_clk.part.0
                0x08205eac       0xbc CMakeFiles/slc.dir/base/df52ed7795318f40e559a5b0b40ae2c2/device/silabs/si91x/mcu/drivers/service/clock_manager/src/sl_si91x_clock_manager.c.obj
 .text.sl_si91x_clock_manager_init
                0x08205f68       0x2c CMakeFiles/slc.dir/base/df52ed7795318f40e559a5b0b40ae2c2/device/silabs/si91x/mcu/drivers/service/clock_manager/src/sl_si91x_clock_manager.c.obj
                0x08205f68                sl_si91x_clock_manager_init
 .text.RSI_BOD_IntrClr
                0x08205f94       0x1c CMakeFiles/slc.dir/base/1ed7857642800241ad78556a3f4d709e/p/wisec552428a457111/p/components/device/silabs/si91x/mcu/drivers/systemlevel/src/rsi_bod.c.obj
                0x08205f94                RSI_BOD_IntrClr
 .text.RSI_BOD_SoftTriggerGetBatteryStatus
                0x08205fb0       0xc8 CMakeFiles/slc.dir/base/1ed7857642800241ad78556a3f4d709e/p/wisec552428a457111/p/components/device/silabs/si91x/mcu/drivers/systemlevel/src/rsi_bod.c.obj
                0x08205fb0                RSI_BOD_SoftTriggerGetBatteryStatus
 .text.RSI_IPMU_UpdateIpmuCalibData_efuse
                0x08206078      0x300 CMakeFiles/slc.dir/base/1ed7857642800241ad78556a3f4d709e/p/wisec552428a457111/p/components/device/silabs/si91x/mcu/drivers/systemlevel/src/rsi_ipmu.c.obj
                0x08206078                RSI_IPMU_UpdateIpmuCalibData_efuse
 .text.RSI_Ipmu_Init
                0x08206378        0x4 CMakeFiles/slc.dir/base/1ed7857642800241ad78556a3f4d709e/p/wisec552428a457111/p/components/device/silabs/si91x/mcu/drivers/systemlevel/src/rsi_ipmu.c.obj
                0x08206378                RSI_Ipmu_Init
 .text.RSI_Configure_Ipmu_Mode
                0x0820637c       0x74 CMakeFiles/slc.dir/base/1ed7857642800241ad78556a3f4d709e/p/wisec552428a457111/p/components/device/silabs/si91x/mcu/drivers/systemlevel/src/rsi_ipmu.c.obj
                0x0820637c                RSI_Configure_Ipmu_Mode
 .text.RSI_IPMU_PowerGateSet
                0x082063f0       0x34 CMakeFiles/slc.dir/base/1ed7857642800241ad78556a3f4d709e/p/wisec552428a457111/p/components/device/silabs/si91x/mcu/drivers/systemlevel/src/rsi_ipmu.c.obj
                0x082063f0                RSI_IPMU_PowerGateSet
 .text.RSI_IPMU_PowerGateClr
                0x08206424       0x4c CMakeFiles/slc.dir/base/1ed7857642800241ad78556a3f4d709e/p/wisec552428a457111/p/components/device/silabs/si91x/mcu/drivers/systemlevel/src/rsi_ipmu.c.obj
                0x08206424                RSI_IPMU_PowerGateClr
 .text.RSI_IPMU_ClockMuxSel
                0x08206470       0x40 CMakeFiles/slc.dir/base/1ed7857642800241ad78556a3f4d709e/p/wisec552428a457111/p/components/device/silabs/si91x/mcu/drivers/systemlevel/src/rsi_ipmu.c.obj
                0x08206470                RSI_IPMU_ClockMuxSel
 .text.RSI_IPMU_ProgramConfigData
                0x082064b0       0x6e CMakeFiles/slc.dir/base/1ed7857642800241ad78556a3f4d709e/p/wisec552428a457111/p/components/device/silabs/si91x/mcu/drivers/systemlevel/src/rsi_ipmu.c.obj
                0x082064b0                RSI_IPMU_ProgramConfigData
 .text.RSI_APB_ProgramConfigData
                0x0820651e       0x4a CMakeFiles/slc.dir/base/1ed7857642800241ad78556a3f4d709e/p/wisec552428a457111/p/components/device/silabs/si91x/mcu/drivers/systemlevel/src/rsi_ipmu.c.obj
                0x0820651e                RSI_APB_ProgramConfigData
 .text.RSI_IPMU_Retn_Voltage_To_Default
                0x08206568       0x10 CMakeFiles/slc.dir/base/1ed7857642800241ad78556a3f4d709e/p/wisec552428a457111/p/components/device/silabs/si91x/mcu/drivers/systemlevel/src/rsi_ipmu.c.obj
                0x08206568                RSI_IPMU_Retn_Voltage_To_Default
 .text.RSI_IPMU_Set_Higher_Pwm_Ro_Frequency_Mode_to_PMU
                0x08206578       0x14 CMakeFiles/slc.dir/base/1ed7857642800241ad78556a3f4d709e/p/wisec552428a457111/p/components/device/silabs/si91x/mcu/drivers/systemlevel/src/rsi_ipmu.c.obj
                0x08206578                RSI_IPMU_Set_Higher_Pwm_Ro_Frequency_Mode_to_PMU
 .text.RSI_IPMU_M32rc_OscTrimEfuse
                0x0820658c       0x28 CMakeFiles/slc.dir/base/1ed7857642800241ad78556a3f4d709e/p/wisec552428a457111/p/components/device/silabs/si91x/mcu/drivers/systemlevel/src/rsi_ipmu.c.obj
                0x0820658c                RSI_IPMU_M32rc_OscTrimEfuse
 .text.RSI_IPMU_DBLR32M_TrimEfuse
                0x082065b4       0x18 CMakeFiles/slc.dir/base/1ed7857642800241ad78556a3f4d709e/p/wisec552428a457111/p/components/device/silabs/si91x/mcu/drivers/systemlevel/src/rsi_ipmu.c.obj
                0x082065b4                RSI_IPMU_DBLR32M_TrimEfuse
 .text.RSI_IPMU_M20roOsc_TrimEfuse
                0x082065cc       0x28 CMakeFiles/slc.dir/base/1ed7857642800241ad78556a3f4d709e/p/wisec552428a457111/p/components/device/silabs/si91x/mcu/drivers/systemlevel/src/rsi_ipmu.c.obj
                0x082065cc                RSI_IPMU_M20roOsc_TrimEfuse
 .text.RSI_IPMU_RO32khz_TrimEfuse
                0x082065f4       0x18 CMakeFiles/slc.dir/base/1ed7857642800241ad78556a3f4d709e/p/wisec552428a457111/p/components/device/silabs/si91x/mcu/drivers/systemlevel/src/rsi_ipmu.c.obj
                0x082065f4                RSI_IPMU_RO32khz_TrimEfuse
 .text.RSI_IPMU_RC32khz_TrimEfuse
                0x0820660c       0x18 CMakeFiles/slc.dir/base/1ed7857642800241ad78556a3f4d709e/p/wisec552428a457111/p/components/device/silabs/si91x/mcu/drivers/systemlevel/src/rsi_ipmu.c.obj
                0x0820660c                RSI_IPMU_RC32khz_TrimEfuse
 .text.RSI_IPMU_Vbg_Tsbjt_Efuse
                0x08206624        0xc CMakeFiles/slc.dir/base/1ed7857642800241ad78556a3f4d709e/p/wisec552428a457111/p/components/device/silabs/si91x/mcu/drivers/systemlevel/src/rsi_ipmu.c.obj
                0x08206624                RSI_IPMU_Vbg_Tsbjt_Efuse
 .text.RSI_IPMU_Auxadcoff_DiffEfuse
                0x08206630        0xc CMakeFiles/slc.dir/base/1ed7857642800241ad78556a3f4d709e/p/wisec552428a457111/p/components/device/silabs/si91x/mcu/drivers/systemlevel/src/rsi_ipmu.c.obj
                0x08206630                RSI_IPMU_Auxadcoff_DiffEfuse
 .text.RSI_IPMU_Auxadcgain_DiffEfuse
                0x0820663c        0xc CMakeFiles/slc.dir/base/1ed7857642800241ad78556a3f4d709e/p/wisec552428a457111/p/components/device/silabs/si91x/mcu/drivers/systemlevel/src/rsi_ipmu.c.obj
                0x0820663c                RSI_IPMU_Auxadcgain_DiffEfuse
 .text.RSI_IPMU_Auxadcoff_SeEfuse
                0x08206648        0xc CMakeFiles/slc.dir/base/1ed7857642800241ad78556a3f4d709e/p/wisec552428a457111/p/components/device/silabs/si91x/mcu/drivers/systemlevel/src/rsi_ipmu.c.obj
                0x08206648                RSI_IPMU_Auxadcoff_SeEfuse
 .text.RSI_IPMU_Auxadcgain_SeEfuse
                0x08206654        0xc CMakeFiles/slc.dir/base/1ed7857642800241ad78556a3f4d709e/p/wisec552428a457111/p/components/device/silabs/si91x/mcu/drivers/systemlevel/src/rsi_ipmu.c.obj
                0x08206654                RSI_IPMU_Auxadcgain_SeEfuse
 .text.RSI_IPMU_Delvbe_Tsbjt_Efuse
                0x08206660        0xc CMakeFiles/slc.dir/base/1ed7857642800241ad78556a3f4d709e/p/wisec552428a457111/p/components/device/silabs/si91x/mcu/drivers/systemlevel/src/rsi_ipmu.c.obj
                0x08206660                RSI_IPMU_Delvbe_Tsbjt_Efuse
 .text._usdelay
                0x0820666c        0x6 CMakeFiles/slc.dir/base/1ed7857642800241ad78556a3f4d709e/p/wisec552428a457111/p/components/device/silabs/si91x/mcu/drivers/systemlevel/src/rsi_pll.c.obj
 *fill*         0x08206672        0x2 
 .text.clk_m4ss_ref_clk_config
                0x08206674       0xc8 CMakeFiles/slc.dir/base/1ed7857642800241ad78556a3f4d709e/p/wisec552428a457111/p/components/device/silabs/si91x/mcu/drivers/systemlevel/src/rsi_pll.c.obj
                0x08206674                clk_m4ss_ref_clk_config
 .text.clk_m4_soc_clk_config
                0x0820673c       0xc8 CMakeFiles/slc.dir/base/1ed7857642800241ad78556a3f4d709e/p/wisec552428a457111/p/components/device/silabs/si91x/mcu/drivers/systemlevel/src/rsi_pll.c.obj
                0x0820673c                clk_m4_soc_clk_config
 .text.ulpss_enable_ref_clks
                0x08206804       0xd0 CMakeFiles/slc.dir/base/1ed7857642800241ad78556a3f4d709e/p/wisec552428a457111/p/components/device/silabs/si91x/mcu/drivers/systemlevel/src/rsi_pll.c.obj
                0x08206804                ulpss_enable_ref_clks
 .text.ulpss_ref_clk_config
                0x082068d4       0xbc CMakeFiles/slc.dir/base/f592a87dc9833d14b75c105bcef8e6e3/p/components/device/silabs/si91x/mcu/drivers/systemlevel/src/rsi_ulpss_clk.c.obj
                0x082068d4                ulpss_ref_clk_config
 .text.convert_rsi_to_sl_error_code
                0x08206990       0x58 CMakeFiles/slc.dir/base/f592a87dc9833d14b75c105bcef8e6e3/p/components/device/silabs/si91x/mcu/drivers/unified_api/src/sl_si91x_adc.c.obj
 .text.validate_adc_parameters
                0x082069e8       0x18 CMakeFiles/slc.dir/base/f592a87dc9833d14b75c105bcef8e6e3/p/components/device/silabs/si91x/mcu/drivers/unified_api/src/sl_si91x_adc.c.obj
 .text.validate_adc_channel_parameters
                0x08206a00       0xa4 CMakeFiles/slc.dir/base/f592a87dc9833d14b75c105bcef8e6e3/p/components/device/silabs/si91x/mcu/drivers/unified_api/src/sl_si91x_adc.c.obj
 .text.callback_event_handler
                0x08206aa4       0x14 CMakeFiles/slc.dir/base/f592a87dc9833d14b75c105bcef8e6e3/p/components/device/silabs/si91x/mcu/drivers/unified_api/src/sl_si91x_adc.c.obj
 .text.sl_si91x_adc_get_chip_voltage
                0x08206ab8       0x34 CMakeFiles/slc.dir/base/f592a87dc9833d14b75c105bcef8e6e3/p/components/device/silabs/si91x/mcu/drivers/unified_api/src/sl_si91x_adc.c.obj
                0x08206ab8                sl_si91x_adc_get_chip_voltage
 .text.sl_si91x_adc_init
                0x08206aec       0xfc CMakeFiles/slc.dir/base/f592a87dc9833d14b75c105bcef8e6e3/p/components/device/silabs/si91x/mcu/drivers/unified_api/src/sl_si91x_adc.c.obj
                0x08206aec                sl_si91x_adc_init
 .text.sl_si91x_adc_set_channel_configuration
                0x08206be8       0x70 CMakeFiles/slc.dir/base/f592a87dc9833d14b75c105bcef8e6e3/p/components/device/silabs/si91x/mcu/drivers/unified_api/src/sl_si91x_adc.c.obj
                0x08206be8                sl_si91x_adc_set_channel_configuration
 .text.sl_si91x_adc_register_event_callback
                0x08206c58       0x1c CMakeFiles/slc.dir/base/f592a87dc9833d14b75c105bcef8e6e3/p/components/device/silabs/si91x/mcu/drivers/unified_api/src/sl_si91x_adc.c.obj
                0x08206c58                sl_si91x_adc_register_event_callback
 .text.sl_si91x_adc_temperature_sensor_enable
                0x08206c74       0x14 CMakeFiles/slc.dir/base/f592a87dc9833d14b75c105bcef8e6e3/p/components/device/silabs/si91x/mcu/drivers/unified_api/src/sl_si91x_adc.c.obj
                0x08206c74                sl_si91x_adc_temperature_sensor_enable
 .text.sl_si91x_adc_start
                0x08206c88       0x1e CMakeFiles/slc.dir/base/f592a87dc9833d14b75c105bcef8e6e3/p/components/device/silabs/si91x/mcu/drivers/unified_api/src/sl_si91x_adc.c.obj
                0x08206c88                sl_si91x_adc_start
 .text.sl_si91x_adc_stop
                0x08206ca6       0x1e CMakeFiles/slc.dir/base/f592a87dc9833d14b75c105bcef8e6e3/p/components/device/silabs/si91x/mcu/drivers/unified_api/src/sl_si91x_adc.c.obj
                0x08206ca6                sl_si91x_adc_stop
 .text.sl_si91x_adc_deinit
                0x08206cc4       0x34 CMakeFiles/slc.dir/base/f592a87dc9833d14b75c105bcef8e6e3/p/components/device/silabs/si91x/mcu/drivers/unified_api/src/sl_si91x_adc.c.obj
                0x08206cc4                sl_si91x_adc_deinit
 .text.callback_event
                0x08206cf8       0x10 CMakeFiles/slc.dir/base/1cb82e032d5dad6f64804d703ae80abc/components/device/silabs/si91x/mcu/drivers/unified_api/src/sl_si91x_bjt_temperature_sensor.c.obj
 .text.validate_bjt_channel_parameters
                0x08206d08       0x28 CMakeFiles/slc.dir/base/1cb82e032d5dad6f64804d703ae80abc/components/device/silabs/si91x/mcu/drivers/unified_api/src/sl_si91x_bjt_temperature_sensor.c.obj
 .text.sl_si91x_bjt_temperature_sensor_init
                0x08206d30       0x8c CMakeFiles/slc.dir/base/1cb82e032d5dad6f64804d703ae80abc/components/device/silabs/si91x/mcu/drivers/unified_api/src/sl_si91x_bjt_temperature_sensor.c.obj
                0x08206d30                sl_si91x_bjt_temperature_sensor_init
 .text.sl_si91x_bjt_temperature_sensor_bg_set_channel_configuration
                0x08206dbc       0x68 CMakeFiles/slc.dir/base/1cb82e032d5dad6f64804d703ae80abc/components/device/silabs/si91x/mcu/drivers/unified_api/src/sl_si91x_bjt_temperature_sensor.c.obj
                0x08206dbc                sl_si91x_bjt_temperature_sensor_bg_set_channel_configuration
 .text.sl_si91x_bjt_temperature_sensor_set_channel_configuration
                0x08206e24       0x4c CMakeFiles/slc.dir/base/1cb82e032d5dad6f64804d703ae80abc/components/device/silabs/si91x/mcu/drivers/unified_api/src/sl_si91x_bjt_temperature_sensor.c.obj
                0x08206e24                sl_si91x_bjt_temperature_sensor_set_channel_configuration
 .text.sl_si91x_bjt_temperature_sensor_read_data
                0x08206e70      0x158 CMakeFiles/slc.dir/base/1cb82e032d5dad6f64804d703ae80abc/components/device/silabs/si91x/mcu/drivers/unified_api/src/sl_si91x_bjt_temperature_sensor.c.obj
                0x08206e70                sl_si91x_bjt_temperature_sensor_read_data
 .text.sl_si91x_bjt_temperature_sensor_deinit
                0x08206fc8       0x44 CMakeFiles/slc.dir/base/1cb82e032d5dad6f64804d703ae80abc/components/device/silabs/si91x/mcu/drivers/unified_api/src/sl_si91x_bjt_temperature_sensor.c.obj
                0x08206fc8                sl_si91x_bjt_temperature_sensor_deinit
 .text.sl_si91x_dma_init
                0x0820700c       0x70 CMakeFiles/slc.dir/base/f592a87dc9833d14b75c105bcef8e6e3/p/components/device/silabs/si91x/mcu/drivers/unified_api/src/sl_si91x_dma.c.obj
                0x0820700c                sl_si91x_dma_init
 .text.sl_si91x_dma_allocate_channel
                0x0820707c       0xdc CMakeFiles/slc.dir/base/f592a87dc9833d14b75c105bcef8e6e3/p/components/device/silabs/si91x/mcu/drivers/unified_api/src/sl_si91x_dma.c.obj
                0x0820707c                sl_si91x_dma_allocate_channel
 .text.sl_si91x_dma_register_callbacks
                0x08207158       0x5c CMakeFiles/slc.dir/base/f592a87dc9833d14b75c105bcef8e6e3/p/components/device/silabs/si91x/mcu/drivers/unified_api/src/sl_si91x_dma.c.obj
                0x08207158                sl_si91x_dma_register_callbacks
 .text.sl_si91x_dma_unregister_callbacks
                0x082071b4       0x88 CMakeFiles/slc.dir/base/f592a87dc9833d14b75c105bcef8e6e3/p/components/device/silabs/si91x/mcu/drivers/unified_api/src/sl_si91x_dma.c.obj
                0x082071b4                sl_si91x_dma_unregister_callbacks
 .text.sli_mv_m4_app_from_flash_to_ram
                0x0820723c       0x4c CMakeFiles/slc.dir/base/f592a87dc9833d14b75c105bcef8e6e3/p/components/device/silabs/si91x/wireless/ahb_interface/src/rsi_hal_mcu_m4_ram.c.obj
                0x0820723c                sli_mv_m4_app_from_flash_to_ram
 .text.sli_si91x_raise_pkt_pending_interrupt_to_ta
                0x08207288       0x20 CMakeFiles/slc.dir/base/f592a87dc9833d14b75c105bcef8e6e3/p/components/device/silabs/si91x/wireless/ahb_interface/src/rsi_hal_mcu_m4_rom.c.obj
                0x08207288                sli_si91x_raise_pkt_pending_interrupt_to_ta
 .text.raise_m4_to_ta_interrupt
                0x082072a8        0xc CMakeFiles/slc.dir/base/f592a87dc9833d14b75c105bcef8e6e3/p/components/device/silabs/si91x/wireless/ahb_interface/src/rsi_hal_mcu_m4_rom.c.obj
                0x082072a8                raise_m4_to_ta_interrupt
 .text.mask_ta_interrupt
                0x082072b4        0xc CMakeFiles/slc.dir/base/f592a87dc9833d14b75c105bcef8e6e3/p/components/device/silabs/si91x/wireless/ahb_interface/src/rsi_hal_mcu_m4_rom.c.obj
                0x082072b4                mask_ta_interrupt
 .text.sli_receive_from_ta_done_isr
                0x082072c0       0x24 CMakeFiles/slc.dir/base/f592a87dc9833d14b75c105bcef8e6e3/p/components/device/silabs/si91x/wireless/ahb_interface/src/rsi_hal_mcu_m4_rom.c.obj
                0x082072c0                sli_receive_from_ta_done_isr
 .text.sli_m4_interrupt_isr
                0x082072e4       0xc4 CMakeFiles/slc.dir/base/f592a87dc9833d14b75c105bcef8e6e3/p/components/device/silabs/si91x/wireless/ahb_interface/src/rsi_hal_mcu_m4_rom.c.obj
                0x082072e4                sli_m4_interrupt_isr
 .text.sli_si91x_bus_read_interrupt_status
                0x082073a8       0x10 CMakeFiles/slc.dir/base/f592a87dc9833d14b75c105bcef8e6e3/p/components/device/silabs/si91x/wireless/ahb_interface/src/rsi_hal_mcu_m4_rom.c.obj
                0x082073a8                sli_si91x_bus_read_interrupt_status
 .text.sli_si91x_req_wakeup
                0x082073b8       0x20 CMakeFiles/slc.dir/base/f592a87dc9833d14b75c105bcef8e6e3/p/components/device/silabs/si91x/wireless/ahb_interface/src/rsi_hal_mcu_m4_rom.c.obj
                0x082073b8                sli_si91x_req_wakeup
 .text.sl_si91x_host_clear_sleep_indicator
                0x082073d8       0x14 CMakeFiles/slc.dir/base/f592a87dc9833d14b75c105bcef8e6e3/p/components/device/silabs/si91x/wireless/ahb_interface/src/rsi_hal_mcu_m4_rom.c.obj
                0x082073d8                sl_si91x_host_clear_sleep_indicator
 .text.sli_si91x_raise_xtal_interrupt_to_ta
                0x082073ec       0x38 CMakeFiles/slc.dir/base/f592a87dc9833d14b75c105bcef8e6e3/p/components/device/silabs/si91x/wireless/ahb_interface/src/rsi_hal_mcu_m4_rom.c.obj
                0x082073ec                sli_si91x_raise_xtal_interrupt_to_ta
 .text.sli_si91x_xtal_turn_on_request_from_m4_to_TA
                0x08207424       0x58 CMakeFiles/slc.dir/base/f592a87dc9833d14b75c105bcef8e6e3/p/components/device/silabs/si91x/wireless/ahb_interface/src/rsi_hal_mcu_m4_rom.c.obj
                0x08207424                sli_si91x_xtal_turn_on_request_from_m4_to_TA
 .text.sli_si91x_send_m4_xtal_usage_notification_to_ta
                0x0820747c       0x24 CMakeFiles/slc.dir/base/f592a87dc9833d14b75c105bcef8e6e3/p/components/device/silabs/si91x/wireless/ahb_interface/src/rsi_hal_mcu_m4_rom.c.obj
                0x0820747c                sli_si91x_send_m4_xtal_usage_notification_to_ta
 .text.IRQ074_Handler
                0x082074a0        0x4 CMakeFiles/slc.dir/base/f592a87dc9833d14b75c105bcef8e6e3/p/components/device/silabs/si91x/wireless/ahb_interface/src/rsi_hal_mcu_m4_rom.c.obj
                0x082074a0                IRQ074_Handler
 .text.sli_si91x_ta_events_init
                0x082074a4       0x14 CMakeFiles/slc.dir/base/f592a87dc9833d14b75c105bcef8e6e3/p/components/device/silabs/si91x/wireless/ahb_interface/src/rsi_hal_mcu_m4_rom.c.obj
                0x082074a4                sli_si91x_ta_events_init
 .text.sli_si91x_platform_init
                0x082074b8       0x78 CMakeFiles/slc.dir/base/bbbc032808191f5698b16c32c1e0a06d/wisec552428a457111/p/components/device/silabs/si91x/wireless/ahb_interface/src/sl_platform.c.obj
                0x082074b8                sli_si91x_platform_init
 .text.sli_si91x_bootup_firmware
                0x08207530       0xa4 CMakeFiles/slc.dir/base/bbbc032808191f5698b16c32c1e0a06d/wisec552428a457111/p/components/device/silabs/si91x/wireless/ahb_interface/src/sl_platform.c.obj
                0x08207530                sli_si91x_bootup_firmware
 .text.sli_si91x_configure_wireless_frontend_controls
                0x082075d4       0x44 CMakeFiles/slc.dir/base/f592a87dc9833d14b75c105bcef8e6e3/p/components/device/silabs/si91x/wireless/ahb_interface/src/sl_platform_wireless.c.obj
                0x082075d4                sli_si91x_configure_wireless_frontend_controls
 .text.sl_si91x_bus_init
                0x08207618       0x1c CMakeFiles/slc.dir/base/f592a87dc9833d14b75c105bcef8e6e3/p/components/device/silabs/si91x/wireless/ahb_interface/src/sl_si91x_bus.c.obj
                0x08207618                sl_si91x_bus_init
 .text.sli_si91x_submit_rx_pkt
                0x08207634       0x84 CMakeFiles/slc.dir/base/f592a87dc9833d14b75c105bcef8e6e3/p/components/device/silabs/si91x/wireless/ahb_interface/src/sl_si91x_bus.c.obj
                0x08207634                sli_si91x_submit_rx_pkt
 .text.sli_si91x_bus_read_frame
                0x082076b8        0xc CMakeFiles/slc.dir/base/f592a87dc9833d14b75c105bcef8e6e3/p/components/device/silabs/si91x/wireless/ahb_interface/src/sl_si91x_bus.c.obj
                0x082076b8                sli_si91x_bus_read_frame
 .text.sli_si91x_bus_write_frame
                0x082076c4       0x24 CMakeFiles/slc.dir/base/f592a87dc9833d14b75c105bcef8e6e3/p/components/device/silabs/si91x/wireless/ahb_interface/src/sl_si91x_bus.c.obj
                0x082076c4                sli_si91x_bus_write_frame
 .text.sli_submit_rx_buffer
                0x082076e8       0x38 CMakeFiles/slc.dir/base/f592a87dc9833d14b75c105bcef8e6e3/p/components/device/silabs/si91x/wireless/ahb_interface/src/sl_si91x_bus.c.obj
                0x082076e8                sli_submit_rx_buffer
 .text.rsi_update_tx_dma_desc
                0x08207720       0x28 CMakeFiles/slc.dir/base/f592a87dc9833d14b75c105bcef8e6e3/p/components/device/silabs/si91x/wireless/ahb_interface/src/sl_si91x_bus.c.obj
                0x08207720                rsi_update_tx_dma_desc
 .text.rsi_update_rx_dma_desc
                0x08207748       0x10 CMakeFiles/slc.dir/base/f592a87dc9833d14b75c105bcef8e6e3/p/components/device/silabs/si91x/wireless/ahb_interface/src/sl_si91x_bus.c.obj
                0x08207748                rsi_update_rx_dma_desc
 .text.sli_si91x_config_m4_dma_desc_on_reset
                0x08207758       0x60 CMakeFiles/slc.dir/base/f592a87dc9833d14b75c105bcef8e6e3/p/components/device/silabs/si91x/wireless/ahb_interface/src/sl_si91x_bus.c.obj
                0x08207758                sli_si91x_config_m4_dma_desc_on_reset
 .text.rsi_waitfor_boardready
                0x082077b8       0x44 CMakeFiles/slc.dir/base/f592a87dc9833d14b75c105bcef8e6e3/p/components/device/silabs/si91x/wireless/ahb_interface/src/sli_siwx917_soc.c.obj
                0x082077b8                rsi_waitfor_boardready
 .text.rsi_select_option
                0x082077fc       0x94 CMakeFiles/slc.dir/base/f592a87dc9833d14b75c105bcef8e6e3/p/components/device/silabs/si91x/wireless/ahb_interface/src/sli_siwx917_soc.c.obj
                0x082077fc                rsi_select_option
 .text.unmask_ta_interrupt
                0x08207890        0xc CMakeFiles/slc.dir/base/f592a87dc9833d14b75c105bcef8e6e3/p/components/device/silabs/si91x/wireless/ahb_interface/src/sli_siwx917_soc.c.obj
                0x08207890                unmask_ta_interrupt
 .text.sli_m4_ta_interrupt_init
                0x0820789c       0x2c CMakeFiles/slc.dir/base/f592a87dc9833d14b75c105bcef8e6e3/p/components/device/silabs/si91x/wireless/ahb_interface/src/sli_siwx917_soc.c.obj
                0x0820789c                sli_m4_ta_interrupt_init
 .text.sl_si91x_errno
                0x082078c8       0x1c CMakeFiles/slc.dir/base/1ed7857642800241ad78556a3f4d709e/p/wisec552428a457111/p/components/device/silabs/si91x/wireless/errno/src/sl_si91x_errno.c.obj
                0x082078c8                sl_si91x_errno
 .text.sli_si91x_bus_rx_irq_handler
                0x082078e4        0x4 CMakeFiles/slc.dir/base/f592a87dc9833d14b75c105bcef8e6e3/p/components/device/silabs/si91x/wireless/host_mcu/si91x/siwx917_soc_ncp_host.c.obj
                0x082078e4                sli_si91x_bus_rx_irq_handler
 .text.sli_si91x_bus_rx_done_handler
                0x082078e8        0x2 CMakeFiles/slc.dir/base/f592a87dc9833d14b75c105bcef8e6e3/p/components/device/silabs/si91x/wireless/host_mcu/si91x/siwx917_soc_ncp_host.c.obj
                0x082078e8                sli_si91x_bus_rx_done_handler
 .text.sl_si91x_host_init
                0x082078ea        0xa CMakeFiles/slc.dir/base/f592a87dc9833d14b75c105bcef8e6e3/p/components/device/silabs/si91x/wireless/host_mcu/si91x/siwx917_soc_ncp_host.c.obj
                0x082078ea                sl_si91x_host_init
 .text.sl_si91x_host_hold_in_reset
                0x082078f4        0x2 CMakeFiles/slc.dir/base/f592a87dc9833d14b75c105bcef8e6e3/p/components/device/silabs/si91x/wireless/host_mcu/si91x/siwx917_soc_ncp_host.c.obj
                0x082078f4                sl_si91x_host_hold_in_reset
 .text.sl_si91x_host_release_from_reset
                0x082078f6        0x2 CMakeFiles/slc.dir/base/f592a87dc9833d14b75c105bcef8e6e3/p/components/device/silabs/si91x/wireless/host_mcu/si91x/siwx917_soc_ncp_host.c.obj
                0x082078f6                sl_si91x_host_release_from_reset
 .text.sl_si91x_host_enable_bus_interrupt
                0x082078f8        0x2 CMakeFiles/slc.dir/base/f592a87dc9833d14b75c105bcef8e6e3/p/components/device/silabs/si91x/wireless/host_mcu/si91x/siwx917_soc_ncp_host.c.obj
                0x082078f8                sl_si91x_host_enable_bus_interrupt
 *fill*         0x082078fa        0x2 
 .text.sl_si91x_host_is_in_irq_context
                0x082078fc       0x14 CMakeFiles/slc.dir/base/f592a87dc9833d14b75c105bcef8e6e3/p/components/device/silabs/si91x/wireless/host_mcu/si91x/siwx917_soc_ncp_host.c.obj
                0x082078fc                sl_si91x_host_is_in_irq_context
 .text.sli_si91x_host_init_buffer_manager
                0x08207910       0xa8 CMakeFiles/slc.dir/base/bbbc032808191f5698b16c32c1e0a06d/wisec552428a457111/p/components/device/silabs/si91x/wireless/memory/mem_pool_buffer_quota.c.obj
                0x08207910                sli_si91x_host_init_buffer_manager
 .text.sli_si91x_host_allocate_buffer
                0x082079b8       0xbc CMakeFiles/slc.dir/base/bbbc032808191f5698b16c32c1e0a06d/wisec552428a457111/p/components/device/silabs/si91x/wireless/memory/mem_pool_buffer_quota.c.obj
                0x082079b8                sli_si91x_host_allocate_buffer
 .text.sli_si91x_host_free_buffer
                0x08207a74       0x34 CMakeFiles/slc.dir/base/bbbc032808191f5698b16c32c1e0a06d/wisec552428a457111/p/components/device/silabs/si91x/wireless/memory/mem_pool_buffer_quota.c.obj
                0x08207a74                sli_si91x_host_free_buffer
 .text.sli_convert_si91x_dns_response
                0x08207aa8       0x2a CMakeFiles/slc.dir/base/bbbc032808191f5698b16c32c1e0a06d/wisec552428a457111/p/components/device/silabs/si91x/wireless/sl_net/src/sl_net_rsi_utility.c.obj
                0x08207aa8                sli_convert_si91x_dns_response
 .text.sli_convert_si91x_event_to_sl_net_event
                0x08207ad2       0x50 CMakeFiles/slc.dir/base/bbbc032808191f5698b16c32c1e0a06d/wisec552428a457111/p/components/device/silabs/si91x/wireless/sl_net/src/sl_net_rsi_utility.c.obj
                0x08207ad2                sli_convert_si91x_event_to_sl_net_event
 .text.sli_wifi_is_ip_address_zero
                0x08207b22       0x30 CMakeFiles/slc.dir/base/bbbc032808191f5698b16c32c1e0a06d/wisec552428a457111/p/components/device/silabs/si91x/wireless/sl_net/src/sl_net_rsi_utility.c.obj
                0x08207b22                sli_wifi_is_ip_address_zero
 *fill*         0x08207b52        0x2 
 .text.sl_net_wifi_client_init
                0x08207b54       0x1c CMakeFiles/slc.dir/base/1ed7857642800241ad78556a3f4d709e/p/wisec552428a457111/p/components/device/silabs/si91x/wireless/sl_net/src/sl_net_si91x.c.obj
                0x08207b54                sl_net_wifi_client_init
 .text.sl_net_wifi_client_up
                0x08207b70       0xa0 CMakeFiles/slc.dir/base/1ed7857642800241ad78556a3f4d709e/p/wisec552428a457111/p/components/device/silabs/si91x/wireless/sl_net/src/sl_net_si91x.c.obj
                0x08207b70                sl_net_wifi_client_up
 .text.sl_net_wifi_client_down
                0x08207c10       0x20 CMakeFiles/slc.dir/base/1ed7857642800241ad78556a3f4d709e/p/wisec552428a457111/p/components/device/silabs/si91x/wireless/sl_net/src/sl_net_si91x.c.obj
                0x08207c10                sl_net_wifi_client_down
 .text.sl_net_wifi_ap_init
                0x08207c30        0x4 CMakeFiles/slc.dir/base/1ed7857642800241ad78556a3f4d709e/p/wisec552428a457111/p/components/device/silabs/si91x/wireless/sl_net/src/sl_net_si91x.c.obj
                0x08207c30                sl_net_wifi_ap_init
 .text.sl_net_wifi_ap_up
                0x08207c34       0x88 CMakeFiles/slc.dir/base/1ed7857642800241ad78556a3f4d709e/p/wisec552428a457111/p/components/device/silabs/si91x/wireless/sl_net/src/sl_net_si91x.c.obj
                0x08207c34                sl_net_wifi_ap_up
 .text.sl_net_wifi_ap_down
                0x08207cbc       0x20 CMakeFiles/slc.dir/base/1ed7857642800241ad78556a3f4d709e/p/wisec552428a457111/p/components/device/silabs/si91x/wireless/sl_net/src/sl_net_si91x.c.obj
                0x08207cbc                sl_net_wifi_ap_down
 .text.sl_si91x_default_handler
                0x08207cdc      0x114 CMakeFiles/slc.dir/base/f592a87dc9833d14b75c105bcef8e6e3/p/components/device/silabs/si91x/wireless/sl_net/src/sl_net_si91x_callback_framework.c.obj
                0x08207cdc                sl_si91x_default_handler
 .text.sl_net_si91x_event_dispatch_handler
                0x08207df0       0x84 CMakeFiles/slc.dir/base/f592a87dc9833d14b75c105bcef8e6e3/p/components/device/silabs/si91x/wireless/sl_net/src/sl_net_si91x_integration_handler.c.obj
                0x08207df0                sl_net_si91x_event_dispatch_handler
 .text.sli_si91x_flush_all_socket_tx_queues_based_on_dest_ip_address
                0x08207e74       0x60 CMakeFiles/slc.dir/base/f592a87dc9833d14b75c105bcef8e6e3/p/components/device/silabs/si91x/wireless/sl_net/src/sl_net_si91x_integration_handler.c.obj
                0x08207e74                sli_si91x_flush_all_socket_tx_queues_based_on_dest_ip_address
 .text.sli_si91x_flush_third_party_station_dependent_sockets
                0x08207ed4       0xb8 CMakeFiles/slc.dir/base/f592a87dc9833d14b75c105bcef8e6e3/p/components/device/silabs/si91x/wireless/sl_net/src/sl_net_si91x_integration_handler.c.obj
                0x08207ed4                sli_si91x_flush_third_party_station_dependent_sockets
 .text.sli_net_configure_ip_address
                0x08207f8c      0x1f0 CMakeFiles/slc.dir/base/f592a87dc9833d14b75c105bcef8e6e3/p/components/device/silabs/si91x/wireless/sl_net/src/sl_si91x_net_internal_stack.c.obj
                0x08207f8c                sli_net_configure_ip_address
 .text.sl_si91x_configure_ip_address
                0x0820817c        0x8 CMakeFiles/slc.dir/base/f592a87dc9833d14b75c105bcef8e6e3/p/components/device/silabs/si91x/wireless/sl_net/src/sl_si91x_net_internal_stack.c.obj
                0x0820817c                sl_si91x_configure_ip_address
 .text.convert_to_si91x_cert_type
                0x08208184       0xaa CMakeFiles/slc.dir/base/f592a87dc9833d14b75c105bcef8e6e3/p/components/device/silabs/si91x/wireless/sl_net/src/sli_net_si91x_utility.c.obj
 .text.sli_net_set_credential
                0x0820822e       0x5a CMakeFiles/slc.dir/base/f592a87dc9833d14b75c105bcef8e6e3/p/components/device/silabs/si91x/wireless/sl_net/src/sli_net_si91x_utility.c.obj
                0x0820822e                sli_net_set_credential
 .text.sli_find_host_socket_by_firmware_id
                0x08208288       0x24 CMakeFiles/slc.dir/base/f592a87dc9833d14b75c105bcef8e6e3/p/components/device/silabs/si91x/wireless/socket/src/sl_si91x_socket_utility.c.obj
 .text.sli_cleanup_fd_sets
                0x082082ac       0x22 CMakeFiles/slc.dir/base/f592a87dc9833d14b75c105bcef8e6e3/p/components/device/silabs/si91x/wireless/socket/src/sl_si91x_socket_utility.c.obj
 *fill*         0x082082ce        0x2 
 .text.sli_si91x_clear_select_id
                0x082082d0       0x30 CMakeFiles/slc.dir/base/f592a87dc9833d14b75c105bcef8e6e3/p/components/device/silabs/si91x/wireless/socket/src/sl_si91x_socket_utility.c.obj
 .text.sli_handle_accept_response
                0x08208300       0x58 CMakeFiles/slc.dir/base/f592a87dc9833d14b75c105bcef8e6e3/p/components/device/silabs/si91x/wireless/socket/src/sl_si91x_socket_utility.c.obj
                0x08208300                sli_handle_accept_response
 .text.sli_si91x_socket_init
                0x08208358       0x70 CMakeFiles/slc.dir/base/f592a87dc9833d14b75c105bcef8e6e3/p/components/device/silabs/si91x/wireless/socket/src/sl_si91x_socket_utility.c.obj
                0x08208358                sli_si91x_socket_init
 .text.sli_si91x_vap_shutdown
                0x082083c8       0x2c CMakeFiles/slc.dir/base/f592a87dc9833d14b75c105bcef8e6e3/p/components/device/silabs/si91x/wireless/socket/src/sl_si91x_socket_utility.c.obj
                0x082083c8                sli_si91x_vap_shutdown
 .text.sli_get_si91x_socket
                0x082083f4       0x14 CMakeFiles/slc.dir/base/f592a87dc9833d14b75c105bcef8e6e3/p/components/device/silabs/si91x/wireless/socket/src/sl_si91x_socket_utility.c.obj
                0x082083f4                sli_get_si91x_socket
 .text.sli_handle_select_response
                0x08208408       0x68 CMakeFiles/slc.dir/base/f592a87dc9833d14b75c105bcef8e6e3/p/components/device/silabs/si91x/wireless/socket/src/sl_si91x_socket_utility.c.obj
                0x08208408                sli_handle_select_response
 .text.sli_si91x_get_socket_from_id
                0x08208470       0x44 CMakeFiles/slc.dir/base/f592a87dc9833d14b75c105bcef8e6e3/p/components/device/silabs/si91x/wireless/socket/src/sl_si91x_socket_utility.c.obj
                0x08208470                sli_si91x_get_socket_from_id
 .text.sli_get_socket_command_from_host_packet
                0x082084b4        0x4 CMakeFiles/slc.dir/base/f592a87dc9833d14b75c105bcef8e6e3/p/components/device/silabs/si91x/wireless/socket/src/sl_si91x_socket_utility.c.obj
                0x082084b4                sli_get_socket_command_from_host_packet
 .text.sli_si91x_socket_event_handler
                0x082084b8      0x260 CMakeFiles/slc.dir/base/f592a87dc9833d14b75c105bcef8e6e3/p/components/device/silabs/si91x/wireless/socket/src/sl_si91x_socket_utility.c.obj
                0x082084b8                sli_si91x_socket_event_handler
 .text.sli_si91x_get_socket_id
                0x08208718       0x6c CMakeFiles/slc.dir/base/f592a87dc9833d14b75c105bcef8e6e3/p/components/device/silabs/si91x/wireless/socket/src/sl_si91x_socket_utility.c.obj
                0x08208718                sli_si91x_get_socket_id
 .text.sli_si91x_set_socket_event
                0x08208784       0x10 CMakeFiles/slc.dir/base/f592a87dc9833d14b75c105bcef8e6e3/p/components/device/silabs/si91x/wireless/socket/src/sl_si91x_socket_utility.c.obj
                0x08208784                sli_si91x_set_socket_event
 .text.sli_si91x_flush_select_request_table
                0x08208794       0x54 CMakeFiles/slc.dir/base/f592a87dc9833d14b75c105bcef8e6e3/p/components/device/silabs/si91x/wireless/socket/src/sl_si91x_socket_utility.c.obj
                0x08208794                sli_si91x_flush_select_request_table
 .text.sli_wifi_host_get_buffer_data
                0x082087e8       0x18 CMakeFiles/slc.dir/base/C_/Users/ragav/.silabs/slt/installs/conan/p/wisec552428a457111/p/components/device/silabs/si91x/wireless/src/sl_rsi_utility.c.obj
                0x082087e8                sli_wifi_host_get_buffer_data
 .text.sli_set_command_packet_flags
                0x08208800       0x30 CMakeFiles/slc.dir/base/C_/Users/ragav/.silabs/slt/installs/conan/p/wisec552428a457111/p/components/device/silabs/si91x/wireless/src/sl_rsi_utility.c.obj
                0x08208800                sli_set_command_packet_flags
 .text.sli_configure_command_packet_node
                0x08208830       0x38 CMakeFiles/slc.dir/base/C_/Users/ragav/.silabs/slt/installs/conan/p/wisec552428a457111/p/components/device/silabs/si91x/wireless/src/sl_rsi_utility.c.obj
                0x08208830                sli_configure_command_packet_node
 .text.sli_enqueue_command_packet
                0x08208868       0x6c CMakeFiles/slc.dir/base/C_/Users/ragav/.silabs/slt/installs/conan/p/wisec552428a457111/p/components/device/silabs/si91x/wireless/src/sl_rsi_utility.c.obj
                0x08208868                sli_enqueue_command_packet
 .text.sli_handle_command_response
                0x082088d4       0xd0 CMakeFiles/slc.dir/base/C_/Users/ragav/.silabs/slt/installs/conan/p/wisec552428a457111/p/components/device/silabs/si91x/wireless/src/sl_rsi_utility.c.obj
                0x082088d4                sli_handle_command_response
 .text.sli_wifi_send_command
                0x082089a4       0xf0 CMakeFiles/slc.dir/base/C_/Users/ragav/.silabs/slt/installs/conan/p/wisec552428a457111/p/components/device/silabs/si91x/wireless/src/sl_rsi_utility.c.obj
                0x082089a4                sli_wifi_send_command
 .text.sli_configure_si91x_command_packet_node
                0x08208a94       0x44 CMakeFiles/slc.dir/base/C_/Users/ragav/.silabs/slt/installs/conan/p/wisec552428a457111/p/components/device/silabs/si91x/wireless/src/sl_rsi_utility.c.obj
                0x08208a94                sli_configure_si91x_command_packet_node
 .text.sli_enqueue_si91x_command_packet
                0x08208ad8       0x6c CMakeFiles/slc.dir/base/C_/Users/ragav/.silabs/slt/installs/conan/p/wisec552428a457111/p/components/device/silabs/si91x/wireless/src/sl_rsi_utility.c.obj
                0x08208ad8                sli_enqueue_si91x_command_packet
 .text.sli_fw_status_storage_index_init
                0x08208b44       0x30 CMakeFiles/slc.dir/base/C_/Users/ragav/.silabs/slt/installs/conan/p/wisec552428a457111/p/components/device/silabs/si91x/wireless/src/sl_rsi_utility.c.obj
                0x08208b44                sli_fw_status_storage_index_init
 .text.sli_handle_wifi_beacon
                0x08208b74      0x334 CMakeFiles/slc.dir/base/C_/Users/ragav/.silabs/slt/installs/conan/p/wisec552428a457111/p/components/device/silabs/si91x/wireless/src/sl_rsi_utility.c.obj
                0x08208b74                sli_handle_wifi_beacon
 .text.sli_reset_coex_current_performance_profile
                0x08208ea8       0x1c CMakeFiles/slc.dir/base/C_/Users/ragav/.silabs/slt/installs/conan/p/wisec552428a457111/p/components/device/silabs/si91x/wireless/src/sl_rsi_utility.c.obj
                0x08208ea8                sli_reset_coex_current_performance_profile
 .text.sli_save_tcp_auto_close_choice
                0x08208ec4        0xc CMakeFiles/slc.dir/base/C_/Users/ragav/.silabs/slt/installs/conan/p/wisec552428a457111/p/components/device/silabs/si91x/wireless/src/sl_rsi_utility.c.obj
                0x08208ec4                sli_save_tcp_auto_close_choice
 .text.sli_convert_si91x_event_to_sl_wifi_event
                0x08208ed0      0x198 CMakeFiles/slc.dir/base/C_/Users/ragav/.silabs/slt/installs/conan/p/wisec552428a457111/p/components/device/silabs/si91x/wireless/src/sl_rsi_utility.c.obj
                0x08208ed0                sli_convert_si91x_event_to_sl_wifi_event
 .text.sl_si91x_platform_init
                0x08209068       0xc4 CMakeFiles/slc.dir/base/C_/Users/ragav/.silabs/slt/installs/conan/p/wisec552428a457111/p/components/device/silabs/si91x/wireless/src/sl_rsi_utility.c.obj
                0x08209068                sl_si91x_platform_init
 .text.sl_si91x_host_elapsed_time
                0x0820912c        0xc CMakeFiles/slc.dir/base/C_/Users/ragav/.silabs/slt/installs/conan/p/wisec552428a457111/p/components/device/silabs/si91x/wireless/src/sl_rsi_utility.c.obj
                0x0820912c                sl_si91x_host_elapsed_time
 .text.sl_si91x_host_delay_ms